ARM Linker, 5.03 [Build 76] [MDK-ARM Lite]

==============================================================================

Section Cross References

    oledtestmain.o(.text) refers to startup.o(.text) for DisableInterrupts
    oledtestmain.o(.text) refers to pll.o(.text) for PLL_Init
    oledtestmain.o(.text) refers to sysctl.o(i.SysCtlClockSet) for SysCtlClockSet
    oledtestmain.o(.text) refers to output.o(.text) for Output_Init
    oledtestmain.o(.text) refers to oledtestmain.o(.emb_text) for Delay
    oledtestmain.o(.text) refers to lsm9dso.o(.text) for SPI_Init
    oledtestmain.o(.text) refers to printf8.o(i.__0printf$8) for __2printf
    oledtestmain.o(.text) refers to fixed.o(.text) for Fixed_sDecOut3
    oledtestmain.o(.text) refers to oledtestmain.o(.bss) for ulConfigRx
    oledtestmain.o(.text) refers to oledtestmain.o(.data) for ulConfigTx
    oledtestmain.o(.text) refers to lsm9dso.o(.data) for XLangleZ
    output.o(.text) refers to rit128x96x4.o(.text) for RIT128x96x4StringDraw
    output.o(.text) refers to output.o(.bss) for CharBuffer
    output.o(.text) refers to output.o(.data) for Color
    rit128x96x4.o(.text) refers to ssi.o(i.SSIBusy) for SSIBusy
    rit128x96x4.o(.text) refers to gpio.o(i.GPIOPinWrite) for GPIOPinWrite
    rit128x96x4.o(.text) refers to ssi.o(i.SSIDataPut) for SSIDataPut
    rit128x96x4.o(.text) refers to ssi.o(i.SSIDisable) for SSIDisable
    rit128x96x4.o(.text) refers to sysctl.o(i.SysCtlClockGet) for SysCtlClockGet
    rit128x96x4.o(.text) refers to ssi.o(i.SSIConfigSetExpClk) for SSIConfigSetExpClk
    rit128x96x4.o(.text) refers to gpio.o(i.GPIOPinTypeSSI) for GPIOPinTypeSSI
    rit128x96x4.o(.text) refers to gpio.o(i.GPIOPadConfigSet) for GPIOPadConfigSet
    rit128x96x4.o(.text) refers to ssi.o(i.SSIEnable) for SSIEnable
    rit128x96x4.o(.text) refers to ssi.o(i.SSIDataGetNonBlocking) for SSIDataGetNonBlocking
    rit128x96x4.o(.text) refers to gpio.o(i.GPIOPinTypeGPIOOutput) for GPIOPinTypeGPIOOutput
    rit128x96x4.o(.text) refers to sysctl.o(i.SysCtlPeripheralEnable) for SysCtlPeripheralEnable
    rit128x96x4.o(.text) refers to rit128x96x4.o(.data) for g_ulSSIFlags
    rit128x96x4.o(.text) refers to rit128x96x4.o(.constdata) for pucCommand1
    startup.o(RESET) refers to startup.o(STACK) for StackMem
    startup.o(RESET) refers to systick.o(.text) for SysTick_Handler
    startup.o(RESET) refers to entry.o(.ARM.Collect$$$$00000000) for __main
    dac.o(.text) refers to ssi.o(i.SSIDataPut) for SSIDataPut
    dac.o(.text) refers to ssi.o(i.SSIBusy) for SSIBusy
    dac.o(.text) refers to ssi.o(i.SSIDataGet) for SSIDataGet
    dac.o(.text) refers to memcpya.o(.text) for __aeabi_memcpy4
    dac.o(.text) refers to ssi.o(i.SSIDataGetNonBlocking) for SSIDataGetNonBlocking
    dac.o(.text) refers to oledtestmain.o(.emb_text) for Delay
    dac.o(.text) refers to printf8.o(i.__0printf$8) for __2printf
    dac.o(.text) refers to sysctl.o(i.SysCtlPeripheralEnable) for SysCtlPeripheralEnable
    dac.o(.text) refers to gpio.o(i.GPIOPinConfigure) for GPIOPinConfigure
    dac.o(.text) refers to gpio.o(i.GPIOPinTypeSSI) for GPIOPinTypeSSI
    dac.o(.text) refers to sysctl.o(i.SysCtlClockGet) for SysCtlClockGet
    dac.o(.text) refers to ssi.o(i.SSIConfigSetExpClk) for SSIConfigSetExpClk
    dac.o(.text) refers to ssi.o(i.SSIEnable) for SSIEnable
    dac.o(.text) refers to dac.o(.constdata) for .constdata
    dac.o(.text) refers to dac.o(.data) for RxBytes
    uartstdio.o(.text) refers to sysctl.o(i.SysCtlPeripheralPresent) for SysCtlPeripheralPresent
    uartstdio.o(.text) refers to sysctl.o(i.SysCtlPeripheralEnable) for SysCtlPeripheralEnable
    uartstdio.o(.text) refers to uart.o(i.UARTConfigSetExpClk) for UARTConfigSetExpClk
    uartstdio.o(.text) refers to uart.o(i.UARTEnable) for UARTEnable
    uartstdio.o(.text) refers to sysctl.o(i.SysCtlClockGet) for SysCtlClockGet
    uartstdio.o(.text) refers to uart.o(i.UARTCharPut) for UARTCharPut
    uartstdio.o(.text) refers to uart.o(i.UARTCharGet) for UARTCharGet
    uartstdio.o(.text) refers to uartstdio.o(.constdata) for g_ulUARTPeriph
    uartstdio.o(.text) refers to uartstdio.o(.data) for g_ulBase
    uartstdio.o(.constdata) refers to uartstdio.o(.conststring) for .conststring
    lsm9dso.o(.text) refers to oledtestmain.o(.emb_text) for Delay
    lsm9dso.o(.text) refers to dfltui.o(.text) for __aeabi_ui2d
    lsm9dso.o(.text) refers to dadd.o(.text) for __aeabi_dadd
    lsm9dso.o(.text) refers to dmul.o(.text) for __aeabi_dmul
    lsm9dso.o(.text) refers to ddiv.o(.text) for __aeabi_ddiv
    lsm9dso.o(.text) refers to dfixui.o(.text) for __aeabi_d2uiz
    lsm9dso.o(.text) refers to printf8.o(i.__0printf$8) for __2printf
    lsm9dso.o(.text) refers to ssi.o(i.SSIDataPut) for SSIDataPut
    lsm9dso.o(.text) refers to ssi.o(i.SSIBusy) for SSIBusy
    lsm9dso.o(.text) refers to ssi.o(i.SSIDataGet) for SSIDataGet
    lsm9dso.o(.text) refers to ssi.o(i.SSIDataGetNonBlocking) for SSIDataGetNonBlocking
[...]
    atan2_x.o(i.__atan2$lsc) refers to ddiv.o(.text) for __aeabi_ddiv
    atan2_x.o(i.__atan2$lsc) refers to qnan.o(.constdata) for __mathlib_zero
    sqrt.o(i.__softfp_sqrt) refers (Special) to iusefp.o(.text) for __I$use$fp
    sqrt.o(i.__softfp_sqrt) refers to dsqrt.o(.text) for _dsqrt
    sqrt.o(i.__softfp_sqrt) refers to errno.o(i.__set_errno) for __set_errno
    sqrt.o(i.sqrt) refers (Special) to iusefp.o(.text) for __I$use$fp
    sqrt.o(i.sqrt) refers to dsqrt.o(.text) for _dsqrt
    sqrt.o(i.sqrt) refers to errno.o(i.__set_errno) for __set_errno
    sqrt_x.o(i.____softfp_sqrt$lsc) refers (Special) to iusefp.o(.text) for __I$use$fp
    sqrt_x.o(i.____softfp_sqrt$lsc) refers to cdcmple.o(.text) for __aeabi_cdcmple
    sqrt_x.o(i.____softfp_sqrt$lsc) refers to errno.o(i.__set_errno) for __set_errno
    sqrt_x.o(i.____softfp_sqrt$lsc) refers to dsqrt.o(.text) for _dsqrt
    sqrt_x.o(i.__sqrt$lsc) refers (Special) to iusefp.o(.text) for __I$use$fp
    sqrt_x.o(i.__sqrt$lsc) refers to cdcmple.o(.text) for __aeabi_cdcmple
    sqrt_x.o(i.__sqrt$lsc) refers to errno.o(i.__set_errno) for __set_errno
    sqrt_x.o(i.__sqrt$lsc) refers to dsqrt.o(.text) for _dsqrt
    entry.o(.ARM.Collect$$$$00000000) refers (Special) to entry10a.o(.ARM.Collect$$$$0000000D) for __rt_final_cpp
    entry.o(.ARM.Collect$$$$00000000) refers (Special) to entry11a.o(.ARM.Collect$$$$0000000F) for __rt_final_exit
    entry.o(.ARM.Collect$$$$00000000) refers (Special) to entry7b.o(.ARM.Collect$$$$00000008) for _main_clock
    entry.o(.ARM.Collect$$$$00000000) refers (Special) to entry8b.o(.ARM.Collect$$$$0000000A) for _main_cpp_init
    entry.o(.ARM.Collect$$$$00000000) refers (Special) to entry9a.o(.ARM.Collect$$$$0000000B) for _main_init
    entry.o(.ARM.Collect$$$$00000000) refers (Special) to entry5.o(.ARM.Collect$$$$00000004) for _main_scatterload
    entry.o(.ARM.Collect$$$$00000000) refers (Special) to entry2.o(.ARM.Collect$$$$00000001) for _main_stk
    getc.o(i.getc) refers to output.o(.text) for fgetc
    printfb.o(i.__0fprintf$bare) refers to printfb.o(i._printf_core) for _printf_core
    printfb.o(i.__0fprintf$bare) refers to output.o(.text) for fputc
    printfb.o(i.__0printf$bare) refers to printfb.o(i._printf_core) for _printf_core
    printfb.o(i.__0printf$bare) refers to output.o(.text) for fputc
    printfb.o(i.__0printf$bare) refers to stdout.o(.data) for __stdout
    printfb.o(i.__0snprintf$bare) refers to printfb.o(i._printf_core) for _printf_core
    printfb.o(i.__0snprintf$bare) refers to printfb.o(i._snputc) for _snputc
    printfb.o(i.__0sprintf$bare) refers to printfb.o(i._printf_core) for _printf_core
    printfb.o(i.__0sprintf$bare) refers to printfb.o(i._sputc) for _sputc
    printfb.o(i.__0vfprintf$bare) refers to printfb.o(i._printf_core) for _printf_core
    printfb.o(i.__0vfprintf$bare) refers to output.o(.text) for fputc
    printfb.o(i.__0vprintf$bare) refers to printfb.o(i._printf_core) for _printf_core
    printfb.o(i.__0vprintf$bare) refers to output.o(.text) for fputc
    printfb.o(i.__0vprintf$bare) refers to stdout.o(.data) for __stdout
    printfb.o(i.__0vsnprintf$bare) refers to printfb.o(i._printf_core) for _printf_core
    printfb.o(i.__0vsnprintf$bare) refers to printfb.o(i._snputc) for _snputc
    printfb.o(i.__0vsprintf$bare) refers to printfb.o(i._printf_core) for _printf_core
    printfb.o(i.__0vsprintf$bare) refers to printfb.o(i._sputc) for _sputc
    printf0.o(i.__0fprintf$0) refers to printf0.o(i._printf_core) for _printf_core
    printf0.o(i.__0fprintf$0) refers to output.o(.text) for fputc
    printf0.o(i.__0printf$0) refers to printf0.o(i._printf_core) for _printf_core
    printf0.o(i.__0printf$0) refers to output.o(.text) for fputc
    printf0.o(i.__0printf$0) refers to stdout.o(.data) for __stdout
    printf0.o(i.__0snprintf$0) refers to printf0.o(i._printf_core) for _printf_core
    printf0.o(i.__0snprintf$0) refers to printf0.o(i._snputc) for _snputc
    printf0.o(i.__0sprintf$0) refers to printf0.o(i._printf_core) for _printf_core
    printf0.o(i.__0sprintf$0) refers to printf0.o(i._sputc) for _sputc
    printf0.o(i.__0vfprintf$0) refers to printf0.o(i._printf_core) for _printf_core
    printf0.o(i.__0vfprintf$0) refers to output.o(.text) for fputc
    printf0.o(i.__0vprintf$0) refers to printf0.o(i._printf_core) for _printf_core
    printf0.o(i.__0vprintf$0) refers to output.o(.text) for fputc
    printf0.o(i.__0vprintf$0) refers to stdout.o(.data) for __stdout
    printf0.o(i.__0vsnprintf$0) refers to printf0.o(i._printf_core) for _printf_core
    printf0.o(i.__0vsnprintf$0) refers to printf0.o(i._snputc) for _snputc
    printf0.o(i.__0vsprintf$0) refers to printf0.o(i._printf_core) for _printf_core
    printf0.o(i.__0vsprintf$0) refers to printf0.o(i._sputc) for _sputc
    printf1.o(i.__0fprintf$1) refers to printf1.o(i._printf_core) for _printf_core
    printf1.o(i.__0fprintf$1) refers to output.o(.text) for fputc
    printf1.o(i.__0printf$1) refers to printf1.o(i._printf_core) for _printf_core
    printf1.o(i.__0printf$1) refers to output.o(.text) for fputc
    printf1.o(i.__0printf$1) refers to stdout.o(.data) for __stdout
    printf1.o(i.__0snprintf$1) refers to printf1.o(i._printf_core) for _printf_core
    printf1.o(i.__0snprintf$1) refers to printf1.o(i._snputc) for _snputc
    printf1.o(i.__0sprintf$1) refers to printf1.o(i._printf_core) for _printf_core
    printf1.o(i.__0sprintf$1) refers to printf1.o(i._sputc) for _sputc
    printf1.o(i.__0vfprintf$1) refers to printf1.o(i._printf_core) for _printf_core
    printf1.o(i.__0vfprintf$1) refers to output.o(.text) for fputc
    printf1.o(i.__0vprintf$1) refers to printf1.o(i._printf_core) for _printf_core
    printf1.o(i.__0vprintf$1) refers to output.o(.text) for fputc
    printf1.o(i.__0vprintf$1) refers to stdout.o(.data) for __stdout
    printf1.o(i.__0vsnprintf$1) refers to printf1.o(i._printf_core) for _printf_core
    printf1.o(i.__0vsnprintf$1) refers to printf1.o(i._snputc) for _snputc
    printf1.o(i.__0vsprintf$1) refers to printf1.o(i._printf_core) for _printf_core
    printf1.o(i.__0vsprintf$1) refers to printf1.o(i._sputc) for _sputc
    printf1.o(i._printf_core) refers to uidiv.o(.text) for __aeabi_uidivmod
    printf2.o(i.__0fprintf$2) refers to printf2.o(i._printf_core) for _printf_core
    printf2.o(i.__0fprintf$2) refers to output.o(.text) for fputc
    printf2.o(i.__0printf$2) refers to printf2.o(i._printf_core) for _printf_core
    printf2.o(i.__0printf$2) refers to output.o(.text) for fputc
    printf2.o(i.__0printf$2) refers to stdout.o(.data) for __stdout
    printf2.o(i.__0snprintf$2) refers to printf2.o(i._printf_core) for _printf_core
    printf2.o(i.__0snprintf$2) refers to printf2.o(i._snputc) for _snputc
    printf2.o(i.__0sprintf$2) refers to printf2.o(i._printf_core) for _printf_core
    printf2.o(i.__0sprintf$2) refers to printf2.o(i._sputc) for _sputc
    printf2.o(i.__0vfprintf$2) refers to printf2.o(i._printf_core) for _printf_core
    printf2.o(i.__0vfprintf$2) refers to output.o(.text) for fputc
    printf2.o(i.__0vprintf$2) refers to printf2.o(i._printf_core) for _printf_core
    printf2.o(i.__0vprintf$2) refers to output.o(.text) for fputc
    printf2.o(i.__0vprintf$2) refers to stdout.o(.data) for __stdout
    printf2.o(i.__0vsnprintf$2) refers to printf2.o(i._printf_core) for _printf_core
    printf2.o(i.__0vsnprintf$2) refers to printf2.o(i._snputc) for _snputc
    printf2.o(i.__0vsprintf$2) refers to printf2.o(i._printf_core) for _printf_core
    printf2.o(i.__0vsprintf$2) refers to printf2.o(i._sputc) for _sputc
    printf3.o(i.__0fprintf$3) refers to printf3.o(i._printf_core) for _printf_core
    printf3.o(i.__0fprintf$3) refers to output.o(.text) for fputc
    printf3.o(i.__0printf$3) refers to printf3.o(i._printf_core) for _printf_core
    printf3.o(i.__0printf$3) refers to output.o(.text) for fputc
    printf3.o(i.__0printf$3) refers to stdout.o(.data) for __stdout
    printf3.o(i.__0snprintf$3) refers to printf3.o(i._printf_core) for _printf_core
    printf3.o(i.__0snprintf$3) refers to printf3.o(i._snputc) for _snputc
    printf3.o(i.__0sprintf$3) refers to printf3.o(i._printf_core) for _printf_core
    printf3.o(i.__0sprintf$3) refers to printf3.o(i._sputc) for _sputc
    printf3.o(i.__0vfprintf$3) refers to printf3.o(i._printf_core) for _printf_core
    printf3.o(i.__0vfprintf$3) refers to output.o(.text) for fputc
    printf3.o(i.__0vprintf$3) refers to printf3.o(i._printf_core) for _printf_core
    printf3.o(i.__0vprintf$3) refers to output.o(.text) for fputc
    printf3.o(i.__0vprintf$3) refers to stdout.o(.data) for __stdout
    printf3.o(i.__0vsnprintf$3) refers to printf3.o(i._printf_core) for _printf_core
    printf3.o(i.__0vsnprintf$3) refers to printf3.o(i._snputc) for _snputc
    printf3.o(i.__0vsprintf$3) refers to printf3.o(i._printf_core) for _printf_core
    printf3.o(i.__0vsprintf$3) refers to printf3.o(i._sputc) for _sputc
    printf3.o(i._printf_core) refers to uidiv.o(.text) for __aeabi_uidivmod
    printf4.o(i.__0fprintf$4) refers to printf4.o(i._printf_core) for _printf_core
    printf4.o(i.__0fprintf$4) refers to output.o(.text) for fputc
    printf4.o(i.__0printf$4) refers to printf4.o(i._printf_core) for _printf_core
    printf4.o(i.__0printf$4) refers to output.o(.text) for fputc
    printf4.o(i.__0printf$4) refers to stdout.o(.data) for __stdout
    printf4.o(i.__0snprintf$4) refers to printf4.o(i._printf_core) for _printf_core
    printf4.o(i.__0snprintf$4) refers to printf4.o(i._snputc) for _snputc
    printf4.o(i.__0sprintf$4) refers to printf4.o(i._printf_core) for _printf_core
    printf4.o(i.__0sprintf$4) refers to printf4.o(i._sputc) for _sputc
    printf4.o(i.__0vfprintf$4) refers to printf4.o(i._printf_core) for _printf_core
    printf4.o(i.__0vfprintf$4) refers to output.o(.text) for fputc
    printf4.o(i.__0vprintf$4) refers to printf4.o(i._printf_core) for _printf_core
    printf4.o(i.__0vprintf$4) refers to output.o(.text) for fputc
    printf4.o(i.__0vprintf$4) refers to stdout.o(.data) for __stdout
    printf4.o(i.__0vsnprintf$4) refers to printf4.o(i._printf_core) for _printf_core
    printf4.o(i.__0vsnprintf$4) refers to printf4.o(i._snputc) for _snputc
    printf4.o(i.__0vsprintf$4) refers to printf4.o(i._printf_core) for _printf_core
    printf4.o(i.__0vsprintf$4) refers to printf4.o(i._sputc) for _sputc
    printf4.o(i._printf_core) refers to uldiv.o(.text) for __aeabi_uldivmod
    printf5.o(i.__0fprintf$5) refers to printf5.o(i._printf_core) for _printf_core
    printf5.o(i.__0fprintf$5) refers to output.o(.text) for fputc
    printf5.o(i.__0printf$5) refers to printf5.o(i._printf_core) for _printf_core
    printf5.o(i.__0printf$5) refers to output.o(.text) for fputc
    printf5.o(i.__0printf$5) refers to stdout.o(.data) for __stdout
    printf5.o(i.__0snprintf$5) refers to printf5.o(i._printf_core) for _printf_core
    printf5.o(i.__0snprintf$5) refers to printf5.o(i._snputc) for _snputc
    printf5.o(i.__0sprintf$5) refers to printf5.o(i._printf_core) for _printf_core
    printf5.o(i.__0sprintf$5) refers to printf5.o(i._sputc) for _sputc
    printf5.o(i.__0vfprintf$5) refers to printf5.o(i._printf_core) for _printf_core
    printf5.o(i.__0vfprintf$5) refers to output.o(.text) for fputc
    printf5.o(i.__0vprintf$5) refers to printf5.o(i._printf_core) for _printf_core
    printf5.o(i.__0vprintf$5) refers to output.o(.text) for fputc
    printf5.o(i.__0vprintf$5) refers to stdout.o(.data) for __stdout
    printf5.o(i.__0vsnprintf$5) refers to printf5.o(i._printf_core) for _printf_core
    printf5.o(i.__0vsnprintf$5) refers to printf5.o(i._snputc) for _snputc
    printf5.o(i.__0vsprintf$5) refers to printf5.o(i._printf_core) for _printf_core
    printf5.o(i.__0vsprintf$5) refers to printf5.o(i._sputc) for _sputc
    printf5.o(i._printf_core) refers to uldiv.o(.text) for __aeabi_uldivmod
    printf6.o(i.__0fprintf$6) refers to printf6.o(i._printf_core) for _printf_core
    printf6.o(i.__0fprintf$6) refers to output.o(.text) for fputc
    printf6.o(i.__0printf$6) refers to printf6.o(i._printf_core) for _printf_core
    printf6.o(i.__0printf$6) refers to output.o(.text) for fputc
    printf6.o(i.__0printf$6) refers to stdout.o(.data) for __stdout
    printf6.o(i.__0snprintf$6) refers to printf6.o(i._printf_core) for _printf_core
    printf6.o(i.__0snprintf$6) refers to printf6.o(i._snputc) for _snputc
    printf6.o(i.__0sprintf$6) refers to printf6.o(i._printf_core) for _printf_core
    printf6.o(i.__0sprintf$6) refers to printf6.o(i._sputc) for _sputc
    printf6.o(i.__0vfprintf$6) refers to printf6.o(i._printf_core) for _printf_core
    printf6.o(i.__0vfprintf$6) refers to output.o(.text) for fputc
    printf6.o(i.__0vprintf$6) refers to printf6.o(i._printf_core) for _printf_core
    printf6.o(i.__0vprintf$6) refers to output.o(.text) for fputc
    printf6.o(i.__0vprintf$6) refers to stdout.o(.data) for __stdout
    printf6.o(i.__0vsnprintf$6) refers to printf6.o(i._printf_core) for _printf_core
    printf6.o(i.__0vsnprintf$6) refers to printf6.o(i._snputc) for _snputc
    printf6.o(i.__0vsprintf$6) refers to printf6.o(i._printf_core) for _printf_core
    printf6.o(i.__0vsprintf$6) refers to printf6.o(i._sputc) for _sputc
    printf6.o(i._printf_core) refers to printf6.o(i._printf_pre_padding) for _printf_pre_padding
    printf6.o(i._printf_core) refers to uidiv.o(.text) for __aeabi_uidivmod
    printf6.o(i._printf_core) refers to printf6.o(i._printf_post_padding) for _printf_post_padding
    printf7.o(i.__0fprintf$7) refers to printf7.o(i._printf_core) for _printf_core
    printf7.o(i.__0fprintf$7) refers to output.o(.text) for fputc
    printf7.o(i.__0printf$7) refers to printf7.o(i._printf_core) for _printf_core
    printf7.o(i.__0printf$7) refers to output.o(.text) for fputc
    printf7.o(i.__0printf$7) refers to stdout.o(.data) for __stdout
    printf7.o(i.__0snprintf$7) refers to printf7.o(i._printf_core) for _printf_core
    printf7.o(i.__0snprintf$7) refers to printf7.o(i._snputc) for _snputc
    printf7.o(i.__0sprintf$7) refers to printf7.o(i._printf_core) for _printf_core
    printf7.o(i.__0sprintf$7) refers to printf7.o(i._sputc) for _sputc
    printf7.o(i.__0vfprintf$7) refers to printf7.o(i._printf_core) for _printf_core
    printf7.o(i.__0vfprintf$7) refers to output.o(.text) for fputc
    printf7.o(i.__0vprintf$7) refers to printf7.o(i._printf_core) for _printf_core
    printf7.o(i.__0vprintf$7) refers to output.o(.text) for fputc
    printf7.o(i.__0vprintf$7) refers to stdout.o(.data) for __stdout
    printf7.o(i.__0vsnprintf$7) refers to printf7.o(i._printf_core) for _printf_core
    printf7.o(i.__0vsnprintf$7) refers to printf7.o(i._snputc) for _snputc
    printf7.o(i.__0vsprintf$7) refers to printf7.o(i._printf_core) for _printf_core
    printf7.o(i.__0vsprintf$7) refers to printf7.o(i._sputc) for _sputc
    printf7.o(i._printf_core) refers to printf7.o(i._printf_pre_padding) for _printf_pre_padding
    printf7.o(i._printf_core) refers to uldiv.o(.text) for __aeabi_uldivmod
    printf7.o(i._printf_core) refers to printf7.o(i._printf_post_padding) for _printf_post_padding
    printf8.o(i.__0fprintf$8) refers to printf8.o(i._printf_core) for _printf_core
    printf8.o(i.__0fprintf$8) refers to output.o(.text) for fputc
    printf8.o(i.__0printf$8) refers to printf8.o(i._printf_core) for _printf_core
    printf8.o(i.__0printf$8) refers to output.o(.text) for fputc
    printf8.o(i.__0printf$8) refers to stdout.o(.data) for __stdout
    printf8.o(i.__0snprintf$8) refers to printf8.o(i._printf_core) for _printf_core
    printf8.o(i.__0snprintf$8) refers to printf8.o(i._snputc) for _snputc
    printf8.o(i.__0sprintf$8) refers to printf8.o(i._printf_core) for _printf_core
    printf8.o(i.__0sprintf$8) refers to printf8.o(i._sputc) for _sputc
    printf8.o(i.__0vfprintf$8) refers to printf8.o(i._printf_core) for _printf_core
    printf8.o(i.__0vfprintf$8) refers to output.o(.text) for fputc
    printf8.o(i.__0vprintf$8) refers to printf8.o(i._printf_core) for _printf_core
    printf8.o(i.__0vprintf$8) refers to output.o(.text) for fputc
    printf8.o(i.__0vprintf$8) refers to stdout.o(.data) for __stdout
    printf8.o(i.__0vsnprintf$8) refers to printf8.o(i._printf_core) for _printf_core
    printf8.o(i.__0vsnprintf$8) refers to printf8.o(i._snputc) for _snputc
    printf8.o(i.__0vsprintf$8) refers to printf8.o(i._printf_core) for _printf_core
    printf8.o(i.__0vsprintf$8) refers to printf8.o(i._sputc) for _sputc
    printf8.o(i._printf_core) refers to printf8.o(i._printf_pre_padding) for _printf_pre_padding
    printf8.o(i._printf_core) refers to uldiv.o(.text) for __aeabi_uldivmod
    printf8.o(i._printf_core) refers to printf8.o(i._printf_post_padding) for _printf_post_padding
    printfa.o(i.__0fprintf) refers (Special) to iusefp.o(.text) for __I$use$fp
    printfa.o(i.__0fprintf) refers to printfa.o(i._printf_core) for _printf_core
    printfa.o(i.__0fprintf) refers to output.o(.text) for fputc
    printfa.o(i.__0printf) refers (Special) to iusefp.o(.text) for __I$use$fp
    printfa.o(i.__0printf) refers to printfa.o(i._printf_core) for _printf_core
    printfa.o(i.__0printf) refers to output.o(.text) for fputc
    printfa.o(i.__0printf) refers to stdout.o(.data) for __stdout
    printfa.o(i.__0snprintf) refers (Special) to iusefp.o(.text) for __I$use$fp
    printfa.o(i.__0snprintf) refers to printfa.o(i._printf_core) for _printf_core
    printfa.o(i.__0snprintf) refers to printfa.o(i._snputc) for _snputc
    printfa.o(i.__0sprintf) refers (Special) to iusefp.o(.text) for __I$use$fp
    printfa.o(i.__0sprintf) refers to printfa.o(i._printf_core) for _printf_core
    printfa.o(i.__0sprintf) refers to printfa.o(i._sputc) for _sputc
    printfa.o(i.__0vfprintf) refers (Special) to iusefp.o(.text) for __I$use$fp
    printfa.o(i.__0vfprintf) refers to printfa.o(i._printf_core) for _printf_core
    printfa.o(i.__0vfprintf) refers to output.o(.text) for fputc
    printfa.o(i.__0vprintf) refers (Special) to iusefp.o(.text) for __I$use$fp
    printfa.o(i.__0vprintf) refers to printfa.o(i._printf_core) for _printf_core
    printfa.o(i.__0vprintf) refers to output.o(.text) for fputc
    printfa.o(i.__0vprintf) refers to stdout.o(.data) for __stdout
    printfa.o(i.__0vsnprintf) refers (Special) to iusefp.o(.text) for __I$use$fp
    printfa.o(i.__0vsnprintf) refers to printfa.o(i._printf_core) for _printf_core
    printfa.o(i.__0vsnprintf) refers to printfa.o(i._snputc) for _snputc
    printfa.o(i.__0vsprintf) refers (Special) to iusefp.o(.text) for __I$use$fp
    printfa.o(i.__0vsprintf) refers to printfa.o(i._printf_core) for _printf_core
    printfa.o(i.__0vsprintf) refers to printfa.o(i._sputc) for _sputc
    printfa.o(i._fp_digits) refers (Special) to iusefp.o(.text) for __I$use$fp
    printfa.o(i._fp_digits) refers to dmul.o(.text) for __aeabi_dmul
    printfa.o(i._fp_digits) refers to ddiv.o(.text) for __aeabi_ddiv
    printfa.o(i._fp_digits) refers to cdrcmple.o(.text) for __aeabi_cdrcmple
    printfa.o(i._fp_digits) refers to dadd.o(.text) for __aeabi_dadd
    printfa.o(i._fp_digits) refers to dfixul.o(.text) for __aeabi_d2ulz
    printfa.o(i._fp_digits) refers to uldiv.o(.text) for __aeabi_uldivmod
    printfa.o(i._printf_core) refers (Special) to iusefp.o(.text) for __I$use$fp
    printfa.o(i._printf_core) refers to printfa.o(i._printf_pre_padding) for _printf_pre_padding
    printfa.o(i._printf_core) refers to uldiv.o(.text) for __aeabi_uldivmod
    printfa.o(i._printf_core) refers to printfa.o(i._printf_post_padding) for _printf_post_padding
    printfa.o(i._printf_core) refers to printfa.o(i._fp_digits) for _fp_digits
    printfa.o(i._printf_core) refers to uidiv.o(.text) for __aeabi_uidivmod
    printfa.o(i._printf_post_padding) refers (Special) to iusefp.o(.text) for __I$use$fp
    printfa.o(i._printf_pre_padding) refers (Special) to iusefp.o(.text) for __I$use$fp
    printfa.o(i._snputc) refers (Special) to iusefp.o(.text) for __I$use$fp
    printfa.o(i._sputc) refers (Special) to iusefp.o(.text) for __I$use$fp
    dadd.o(.text) refers (Special) to iusefp.o(.text) for __I$use$fp
    dadd.o(.text) refers to llshl.o(.text) for __aeabi_llsl
    dadd.o(.text) refers to llsshr.o(.text) for __aeabi_lasr
    dadd.o(.text) refers to depilogue.o(.text) for _double_epilogue
    dmul.o(.text) refers (Special) to iusefp.o(.text) for __I$use$fp
    dmul.o(.text) refers to depilogue.o(.text) for _double_epilogue
    ddiv.o(.text) refers (Special) to iusefp.o(.text) for __I$use$fp
    ddiv.o(.text) refers to depilogue.o(.text) for _double_round
    dflti.o(.text) refers (Special) to iusefp.o(.text) for __I$use$fp
    dflti.o(.text) refers to depilogue.o(.text) for _double_epilogue
    dfltui.o(.text) refers (Special) to iusefp.o(.text) for __I$use$fp
    dfltui.o(.text) refers to depilogue.o(.text) for _double_epilogue
    dfixi.o(.text) refers (Special) to iusefp.o(.text) for __I$use$fp
    dfixi.o(.text) refers to llushr.o(.text) for __aeabi_llsr
    dfixui.o(.text) refers (Special) to iusefp.o(.text) for __I$use$fp
    dfixui.o(.text) refers to llushr.o(.text) for __aeabi_llsr
    atan.o(i.__softfp_atan) refers (Special) to iusefp.o(.text) for __I$use$fp
    atan.o(i.__softfp_atan) refers to atan.o(i.atan) for atan
    atan.o(i.atan) refers (Special) to iusefp.o(.text) for __I$use$fp
    atan.o(i.atan) refers to dscalb.o(.text) for __ARM_scalbn
    atan.o(i.atan) refers to fpclassify.o(i.__ARM_fpclassify) for __ARM_fpclassify
    atan.o(i.atan) refers to dunder.o(i.__mathlib_dbl_underflow) for __mathlib_dbl_underflow
    atan.o(i.atan) refers to dadd.o(.text) for __aeabi_dadd
    atan.o(i.atan) refers to ddiv.o(.text) for __aeabi_ddiv
    atan.o(i.atan) refers to dmul.o(.text) for __aeabi_dmul
    atan.o(i.atan) refers to poly.o(i.__kernel_poly) for __kernel_poly
    atan.o(i.atan) refers to atan.o(.constdata) for .constdata
    atan.o(.constdata) refers (Special) to iusefp.o(.text) for __I$use$fp
    atan_x.o(i.____softfp_atan$lsc) refers (Special) to iusefp.o(.text) for __I$use$fp
    atan_x.o(i.____softfp_atan$lsc) refers to atan_x.o(i.__atan$lsc) for __atan$lsc
    atan_x.o(i.__atan$lsc) refers (Special) to iusefp.o(.text) for __I$use$fp
    atan_x.o(i.__atan$lsc) refers to dscalb.o(.text) for __ARM_scalbn
    atan_x.o(i.__atan$lsc) refers to dadd.o(.text) for __aeabi_dadd
    atan_x.o(i.__atan$lsc) refers to ddiv.o(.text) for __aeabi_ddiv
    atan_x.o(i.__atan$lsc) refers to dmul.o(.text) for __aeabi_dmul
    atan_x.o(i.__atan$lsc) refers to poly.o(i.__kernel_poly) for __kernel_poly
    atan_x.o(i.__atan$lsc) refers to atan_x.o(.constdata) for .constdata
    atan_x.o(.constdata) refers (Special) to iusefp.o(.text) for __I$use$fp
    qnan.o(.constdata) refers (Special) to iusefp.o(.text) for __I$use$fp
    entry2.o(.ARM.Collect$$$$00000001) refers to entry2.o(.ARM.Collect$$$$00002712) for __lit__00000000
    entry2.o(.ARM.Collect$$$$00002712) refers to startup.o(STACK) for __initial_sp
    entry2.o(__vectab_stack_and_reset_area) refers to startup.o(STACK) for __initial_sp
    entry2.o(__vectab_stack_and_reset_area) refers to entry.o(.ARM.Collect$$$$00000000) for __main
    entry5.o(.ARM.Collect$$$$00000004) refers to init.o(.text) for __scatterload
    entry9a.o(.ARM.Collect$$$$0000000B) refers to oledtestmain.o(.text) for main
    entry9b.o(.ARM.Collect$$$$0000000C) refers to oledtestmain.o(.text) for main
    uldiv.o(.text) refers to llushr.o(.text) for __aeabi_llsr
    uldiv.o(.text) refers to llshl.o(.text) for __aeabi_llsl
    errno.o(i.__aeabi_errno_addr) refers to errno.o(.data) for .data
    errno.o(i.__read_errno) refers to errno.o(.data) for .data
    errno.o(i.__set_errno) refers to errno.o(.data) for .data
    depilogue.o(.text) refers to llshl.o(.text) for __aeabi_llsl
    depilogue.o(.text) refers to llushr.o(.text) for __aeabi_llsr
    dsqrt.o(.text) refers to llushr.o(.text) for __aeabi_llsr
    dsqrt.o(.text) refers to depilogue.o(.text) for _double_round
    dfixul.o(.text) refers to llushr.o(.text) for __aeabi_llsr
    dfixul.o(.text) refers to llshl.o(.text) for __aeabi_llsl
    dunder.o(i.__mathlib_dbl_underflow) refers to dscalb.o(.text) for __ARM_scalbn
    fpclassify.o(i.__ARM_fpclassify) refers (Special) to iusefp.o(.text) for __I$use$fp
    poly.o(i.__kernel_poly) refers (Special) to iusefp.o(.text) for __I$use$fp
    poly.o(i.__kernel_poly) refers to dmul.o(.text) for __aeabi_dmul
    poly.o(i.__kernel_poly) refers to dadd.o(.text) for __aeabi_dadd
    init.o(.text) refers to entry5.o(.ARM.Collect$$$$00000004) for __main_after_scatterload


==============================================================================

Removing Unused input sections from the image.

    Removing startup.o(HEAP), (0 bytes).
    Removing dac.o(.text), (1448 bytes).
    Removing dac.o(.constdata), (48 bytes).
    Removing dac.o(.data), (2 bytes).
    Removing uartstdio.o(.text), (940 bytes).
    Removing uartstdio.o(.constdata), (28 bytes).
    Removing uartstdio.o(.conststring), (17 bytes).
    Removing uartstdio.o(.data), (5 bytes).
    Removing gpio.o(i.GPIODirModeGet), (34 bytes).
    Removing gpio.o(i.GPIOGetIntNumber), (156 bytes).
    Removing gpio.o(i.GPIOIntTypeGet), (48 bytes).
    Removing gpio.o(i.GPIOIntTypeSet), (58 bytes).
    Removing gpio.o(i.GPIOPadConfigGet), (140 bytes).
    Removing gpio.o(i.GPIOPinIntClear), (6 bytes).
    Removing gpio.o(i.GPIOPinIntDisable), (14 bytes).
    Removing gpio.o(i.GPIOPinIntEnable), (12 bytes).
    Removing gpio.o(i.GPIOPinIntStatus), (14 bytes).
    Removing gpio.o(i.GPIOPinRead), (6 bytes).
    Removing gpio.o(i.GPIOPinTypeADC), (28 bytes).
    Removing gpio.o(i.GPIOPinTypeCAN), (28 bytes).
    Removing gpio.o(i.GPIOPinTypeComparator), (28 bytes).
    Removing gpio.o(i.GPIOPinTypeEPI), (28 bytes).
    Removing gpio.o(i.GPIOPinTypeEthernetLED), (28 bytes).
    Removing gpio.o(i.GPIOPinTypeGPIOInput), (28 bytes).
    Removing gpio.o(i.GPIOPinTypeGPIOOutputOD), (28 bytes).
    Removing gpio.o(i.GPIOPinTypeI2C), (28 bytes).
    Removing gpio.o(i.GPIOPinTypeI2S), (28 bytes).
    Removing gpio.o(i.GPIOPinTypePWM), (28 bytes).
    Removing gpio.o(i.GPIOPinTypeQEI), (28 bytes).
    Removing gpio.o(i.GPIOPinTypeTimer), (28 bytes).
    Removing gpio.o(i.GPIOPinTypeUART), (28 bytes).
    Removing gpio.o(i.GPIOPinTypeUSBAnalog), (28 bytes).
    Removing gpio.o(i.GPIOPinTypeUSBDigital), (28 bytes).
    Removing gpio.o(i.GPIOPortIntRegister), (26 bytes).
    Removing gpio.o(i.GPIOPortIntUnregister), (22 bytes).
    Removing ssi.o(i.SSIDMADisable), (10 bytes).
    Removing ssi.o(i.SSIDMAEnable), (8 bytes).
    Removing ssi.o(i.SSIDataPutNonBlocking), (16 bytes).
    Removing ssi.o(i.SSIIntClear), (4 bytes).
    Removing ssi.o(i.SSIIntDisable), (10 bytes).
    Removing ssi.o(i.SSIIntEnable), (8 bytes).
    Removing ssi.o(i.SSIIntRegister), (32 bytes).
    Removing ssi.o(i.SSIIntStatus), (10 bytes).
    Removing ssi.o(i.SSIIntUnregister), (32 bytes).
    Removing sysctl.o(i.SysCtlADCSpeedGet), (16 bytes).
    Removing sysctl.o(i.SysCtlADCSpeedSet), (32 bytes).
    Removing sysctl.o(i.SysCtlBrownOutConfigSet), (16 bytes).
    Removing sysctl.o(i.SysCtlClkVerificationClear), (20 bytes).
    Removing sysctl.o(i.SysCtlDeepSleep), (32 bytes).
    Removing sysctl.o(i.SysCtlFlashSizeGet), (20 bytes).
    Removing sysctl.o(i.SysCtlGPIOAHBDisable), (20 bytes).
    Removing sysctl.o(i.SysCtlGPIOAHBEnable), (16 bytes).
    Removing sysctl.o(i.SysCtlI2SMClkSet), (216 bytes).
    Removing sysctl.o(i.SysCtlIOSCVerificationSet), (24 bytes).
    Removing sysctl.o(i.SysCtlIntClear), (12 bytes).
    Removing sysctl.o(i.SysCtlIntDisable), (16 bytes).
    Removing sysctl.o(i.SysCtlIntEnable), (16 bytes).
    Removing sysctl.o(i.SysCtlIntRegister), (20 bytes).
    Removing sysctl.o(i.SysCtlIntStatus), (16 bytes).
    Removing sysctl.o(i.SysCtlIntUnregister), (18 bytes).
    Removing sysctl.o(i.SysCtlLDOConfigSet), (12 bytes).
    Removing sysctl.o(i.SysCtlLDOGet), (12 bytes).
    Removing sysctl.o(i.SysCtlLDOSet), (12 bytes).
    Removing sysctl.o(i.SysCtlMOSCVerificationSet), (24 bytes).
    Removing sysctl.o(i.SysCtlPLLVerificationSet), (24 bytes).
    Removing sysctl.o(i.SysCtlPWMClockGet), (24 bytes).
    Removing sysctl.o(i.SysCtlPWMClockSet), (20 bytes).
    Removing sysctl.o(i.SysCtlPeripheralClockGating), (24 bytes).
    Removing sysctl.o(i.SysCtlPeripheralDeepSleepDisable), (32 bytes).
    Removing sysctl.o(i.SysCtlPeripheralDeepSleepEnable), (32 bytes).
    Removing sysctl.o(i.SysCtlPeripheralDisable), (32 bytes).
    Removing sysctl.o(i.SysCtlPeripheralPresent), (64 bytes).
    Removing sysctl.o(i.SysCtlPeripheralReset), (56 bytes).
    Removing sysctl.o(i.SysCtlPeripheralSleepDisable), (32 bytes).
    Removing sysctl.o(i.SysCtlPeripheralSleepEnable), (32 bytes).
    Removing sysctl.o(i.SysCtlPinPresent), (16 bytes).
    Removing sysctl.o(i.SysCtlReset), (16 bytes).
    Removing sysctl.o(i.SysCtlResetCauseClear), (16 bytes).
    Removing sysctl.o(i.SysCtlResetCauseGet), (12 bytes).
    Removing sysctl.o(i.SysCtlSRAMSizeGet), (20 bytes).
    Removing sysctl.o(i.SysCtlSleep), (4 bytes).
    Removing sysctl.o(i.SysCtlUSBPLLDisable), (16 bytes).
    Removing sysctl.o(i.SysCtlUSBPLLEnable), (16 bytes).
    Removing uart.o(i.UARTBreakCtl), (18 bytes).
    Removing uart.o(i.UARTBusy), (8 bytes).
    Removing uart.o(i.UARTCharGet), (12 bytes).
    Removing uart.o(i.UARTCharGetNonBlocking), (16 bytes).
    Removing uart.o(i.UARTCharPut), (12 bytes).
    Removing uart.o(i.UARTCharPutNonBlocking), (18 bytes).
    Removing uart.o(i.UARTCharsAvail), (10 bytes).
    Removing uart.o(i.UARTConfigGetExpClk), (46 bytes).
    Removing uart.o(i.UARTConfigSetExpClk), (110 bytes).
    Removing uart.o(i.UARTDMADisable), (10 bytes).
    Removing uart.o(i.UARTDMAEnable), (8 bytes).
    Removing uart.o(i.UARTDisable), (30 bytes).
    Removing uart.o(i.UARTDisableSIR), (10 bytes).
    Removing uart.o(i.UARTEnable), (20 bytes).
    Removing uart.o(i.UARTEnableSIR), (18 bytes).
    Removing uart.o(i.UARTFIFODisable), (10 bytes).
    Removing uart.o(i.UARTFIFOEnable), (10 bytes).
    Removing uart.o(i.UARTFIFOLevelGet), (16 bytes).
    Removing uart.o(i.UARTFIFOLevelSet), (6 bytes).
    Removing uart.o(i.UARTFlowControlGet), (8 bytes).
    Removing uart.o(i.UARTFlowControlSet), (12 bytes).
    Removing uart.o(i.UARTIntClear), (4 bytes).
    Removing uart.o(i.UARTIntDisable), (10 bytes).
    Removing uart.o(i.UARTIntEnable), (8 bytes).
    Removing uart.o(i.UARTIntRegister), (46 bytes).
    Removing uart.o(i.UARTIntStatus), (10 bytes).
    Removing uart.o(i.UARTIntUnregister), (46 bytes).
    Removing uart.o(i.UARTModemControlClear), (14 bytes).
    Removing uart.o(i.UARTModemControlGet), (8 bytes).
    Removing uart.o(i.UARTModemControlSet), (12 bytes).
    Removing uart.o(i.UARTModemStatusGet), (10 bytes).
    Removing uart.o(i.UARTParityModeGet), (8 bytes).
    Removing uart.o(i.UARTParityModeSet), (12 bytes).
    Removing uart.o(i.UARTRxErrorClear), (6 bytes).
    Removing uart.o(i.UARTRxErrorGet), (8 bytes).
    Removing uart.o(i.UARTSmartCardDisable), (10 bytes).
    Removing uart.o(i.UARTSmartCardEnable), (22 bytes).
    Removing uart.o(i.UARTSpaceAvail), (10 bytes).
    Removing uart.o(i.UARTTxIntModeGet), (8 bytes).
    Removing uart.o(i.UARTTxIntModeSet), (12 bytes).
    Removing cpu.o(.emb_text), (26 bytes).
    Removing interrupt.o(i.IntDefaultHandler), (2 bytes).
    Removing interrupt.o(i.IntDisable), (104 bytes).
    Removing interrupt.o(i.IntEnable), (104 bytes).
    Removing interrupt.o(i.IntMasterDisable), (10 bytes).
    Removing interrupt.o(i.IntMasterEnable), (10 bytes).
    Removing interrupt.o(i.IntPendClear), (72 bytes).
    Removing interrupt.o(i.IntPendSet), (90 bytes).
    Removing interrupt.o(i.IntPriorityGet), (28 bytes).
    Removing interrupt.o(i.IntPriorityGroupingGet), (40 bytes).
    Removing interrupt.o(i.IntPriorityGroupingSet), (28 bytes).
    Removing interrupt.o(i.IntPrioritySet), (40 bytes).
    Removing interrupt.o(i.IntRegister), (56 bytes).
    Removing interrupt.o(i.IntUnregister), (20 bytes).
    Removing interrupt.o(.constdata), (104 bytes).
    Removing interrupt.o(vtable), (284 bytes).
    Removing dfixul.o(.text), (48 bytes).
    Removing cdcmple.o(.text), (40 bytes).
    Removing cdrcmple.o(.text), (40 bytes).

142 unused section(s) (total 6450 bytes) removed from the image.

==============================================================================

Image Symbol Table

    Local Symbols

    Symbol Name                              Value     Ov Type        Size  Object(Section)

    RESET                                    0x00000000   Section      280  startup.o(RESET)
    ../clib/microlib/division.c              0x00000000   Number         0  uldiv.o ABSOLUTE
    ../clib/microlib/division.c              0x00000000   Number         0  uidiv.o ABSOLUTE
    ../clib/microlib/errno.c                 0x00000000   Number         0  errno.o ABSOLUTE
    ../clib/microlib/init/entry.s            0x00000000   Number         0  entry11b.o ABSOLUTE
    ../clib/microlib/init/entry.s            0x00000000   Number         0  entry2.o ABSOLUTE
    ../clib/microlib/init/entry.s            0x00000000   Number         0  entry5.o ABSOLUTE
    ../clib/microlib/init/entry.s            0x00000000   Number         0  entry10a.o ABSOLUTE
    ../clib/microlib/init/entry.s            0x00000000   Number         0  entry9b.o ABSOLUTE
    ../clib/microlib/init/entry.s            0x00000000   Number         0  entry7a.o ABSOLUTE
    ../clib/microlib/init/entry.s            0x00000000   Number         0  entry9a.o ABSOLUTE
    ../clib/microlib/init/entry.s            0x00000000   Number         0  entry7b.o ABSOLUTE
    ../clib/microlib/init/entry.s            0x00000000   Number         0  entry8a.o ABSOLUTE
    ../clib/microlib/init/entry.s            0x00000000   Number         0  entry8b.o ABSOLUTE
    ../clib/microlib/init/entry.s            0x00000000   Number         0  entry.o ABSOLUTE
    ../clib/microlib/init/entry.s            0x00000000   Number         0  entry11a.o ABSOLUTE
    ../clib/microlib/init/entry.s            0x00000000   Number         0  entry10b.o ABSOLUTE
    ../clib/microlib/longlong.c              0x00000000   Number         0  llsshr.o ABSOLUTE
    ../clib/microlib/longlong.c              0x00000000   Number         0  llshl.o ABSOLUTE
    ../clib/microlib/longlong.c              0x00000000   Number         0  llushr.o ABSOLUTE
    ../clib/microlib/printf/printf.c         0x00000000   Number         0  printfa.o ABSOLUTE
    ../clib/microlib/printf/printf.c         0x00000000   Number         0  printf3.o ABSOLUTE
    ../clib/microlib/printf/printf.c         0x00000000   Number         0  printfb.o ABSOLUTE
    ../clib/microlib/printf/printf.c         0x00000000   Number         0  printf4.o ABSOLUTE
    ../clib/microlib/printf/printf.c         0x00000000   Number         0  printf1.o ABSOLUTE
    ../clib/microlib/printf/printf.c         0x00000000   Number         0  printf2.o ABSOLUTE
    ../clib/microlib/printf/printf.c         0x00000000   Number         0  printf5.o ABSOLUTE
    ../clib/microlib/printf/printf.c         0x00000000   Number         0  printf6.o ABSOLUTE
    ../clib/microlib/printf/printf.c         0x00000000   Number         0  printf7.o ABSOLUTE
    ../clib/microlib/printf/printf.c         0x00000000   Number         0  printf8.o ABSOLUTE
    ../clib/microlib/printf/printf.c         0x00000000   Number         0  printf0.o ABSOLUTE
    ../clib/microlib/printf/stubs.s          0x00000000   Number         0  stubs.o ABSOLUTE
    ../clib/microlib/stdio/getc.c            0x00000000   Number         0  getc.o ABSOLUTE
    ../clib/microlib/stdio/streams.c         0x00000000   Number         0  stdin.o ABSOLUTE
    ../clib/microlib/stdio/streams.c         0x00000000   Number         0  stdout.o ABSOLUTE
    ../clib/microlib/string/memcpy.c         0x00000000   Number         0  memcpya.o ABSOLUTE
    ../clib/microlib/string/memcpy.c         0x00000000   Number         0  memcpyb.o ABSOLUTE
    ../clib/microlib/stubs.s                 0x00000000   Number         0  iusefp.o ABSOLUTE
    ../fplib/microlib/fpadd.c                0x00000000   Number         0  dadd.o ABSOLUTE
    ../fplib/microlib/fpdiv.c                0x00000000   Number         0  ddiv.o ABSOLUTE
    ../fplib/microlib/fpepilogue.c           0x00000000   Number         0  depilogue.o ABSOLUTE
    ../fplib/microlib/fpfix.c                0x00000000   Number         0  dfixui.o ABSOLUTE
    ../fplib/microlib/fpfix.c                0x00000000   Number         0  dfixi.o ABSOLUTE
    ../fplib/microlib/fpfix.c                0x00000000   Number         0  dfixul.o ABSOLUTE
    ../fplib/microlib/fpflt.c                0x00000000   Number         0  dflti.o ABSOLUTE
    ../fplib/microlib/fpflt.c                0x00000000   Number         0  dfltui.o ABSOLUTE
    ../fplib/microlib/fpmul.c                0x00000000   Number         0  dmul.o ABSOLUTE
    ../fplib/microlib/fpscalb.c              0x00000000   Number         0  dscalb.o ABSOLUTE
    ../fplib/microlib/fpsqrt.c               0x00000000   Number         0  dsqrt.o ABSOLUTE
    ../mathlib/atan.c                        0x00000000   Number         0  atan.o ABSOLUTE
    ../mathlib/atan.c                        0x00000000   Number         0  atan_x.o ABSOLUTE
    ../mathlib/atan2.c                       0x00000000   Number         0  atan2_x.o ABSOLUTE
    ../mathlib/atan2.c                       0x00000000   Number         0  atan2.o ABSOLUTE
    ../mathlib/dunder.c                      0x00000000   Number         0  dunder.o ABSOLUTE
    ../mathlib/fpclassify.c                  0x00000000   Number         0  fpclassify.o ABSOLUTE
    ../mathlib/poly.c                        0x00000000   Number         0  poly.o ABSOLUTE
    ../mathlib/qnan.c                        0x00000000   Number         0  qnan.o ABSOLUTE
    ../mathlib/sqrt.c                        0x00000000   Number         0  sqrt_x.o ABSOLUTE
    ../mathlib/sqrt.c                        0x00000000   Number         0  sqrt.o ABSOLUTE
    DAC.c                                    0x00000000   Number         0  dac.o ABSOLUTE
    LSM9DSO.c                                0x00000000   Number         0  lsm9dso.o ABSOLUTE
    OLEDTestMain.c                           0x00000000   Number         0  oledtestmain.o ABSOLUTE
    OLEDTestMain.c                           0x00000000   Number         0  oledtestmain.o ABSOLUTE
    Output.c                                 0x00000000   Number         0  output.o ABSOLUTE
    PLL.c                                    0x00000000   Number         0  pll.o ABSOLUTE
    Startup.s                                0x00000000   Number         0  startup.o ABSOLUTE
    SysTick.c                                0x00000000   Number         0  systick.o ABSOLUTE
    cdcmple.s                                0x00000000   Number         0  cdcmple.o ABSOLUTE
    cdrcmple.s                               0x00000000   Number         0  cdrcmple.o ABSOLUTE
    cpu.c                                    0x00000000   Number         0  cpu.o ABSOLUTE
    cpu.c                                    0x00000000   Number         0  cpu.o ABSOLUTE
    dc.s                                     0x00000000   Number         0  dc.o ABSOLUTE
    fixed.c                                  0x00000000   Number         0  fixed.o ABSOLUTE
    gpio.c                                   0x00000000   Number         0  gpio.o ABSOLUTE
    handlers.s                               0x00000000   Number         0  handlers.o ABSOLUTE
    init.s                                   0x00000000   Number         0  init.o ABSOLUTE
    interrupt.c                              0x00000000   Number         0  interrupt.o ABSOLUTE
    rit128x96x4.c                            0x00000000   Number         0  rit128x96x4.o ABSOLUTE
    ssi.c                                    0x00000000   Number         0  ssi.o ABSOLUTE
    sysctl.c                                 0x00000000   Number         0  sysctl.o ABSOLUTE
    sysctl.c                                 0x00000000   Number         0  sysctl.o ABSOLUTE
    uart.c                                   0x00000000   Number         0  uart.o ABSOLUTE
    uartstdio.c                              0x00000000   Number         0  uartstdio.o ABSOLUTE
    .ARM.Collect$$$$00000000                 0x00000118   Section        0  entry.o(.ARM.Collect$$$$00000000)
    .ARM.Collect$$$$00000001                 0x00000118   Section        4  entry2.o(.ARM.Collect$$$$00000001)
    .ARM.Collect$$$$00000004                 0x0000011c   Section        4  entry5.o(.ARM.Collect$$$$00000004)
    .ARM.Collect$$$$00000008                 0x00000120   Section        0  entry7b.o(.ARM.Collect$$$$00000008)
    .ARM.Collect$$$$0000000A                 0x00000120   Section        0  entry8b.o(.ARM.Collect$$$$0000000A)
    .ARM.Collect$$$$0000000B                 0x00000120   Section        8  entry9a.o(.ARM.Collect$$$$0000000B)
    .ARM.Collect$$$$0000000D                 0x00000128   Section        0  entry10a.o(.ARM.Collect$$$$0000000D)
    .ARM.Collect$$$$0000000F                 0x00000128   Section        0  entry11a.o(.ARM.Collect$$$$0000000F)
    .ARM.Collect$$$$00002712                 0x00000128   Section        4  entry2.o(.ARM.Collect$$$$00002712)
    __lit__00000000                          0x00000128   Data           4  entry2.o(.ARM.Collect$$$$00002712)
    .emb_text                                0x0000012c   Section        6  oledtestmain.o(.emb_text)
    .emb_text                                0x00000134   Section        6  sysctl.o(.emb_text)
    .text                                    0x0000013c   Section        0  oledtestmain.o(.text)
    .text                                    0x000003b8   Section        0  output.o(.text)
    .text                                    0x00000794   Section        0  rit128x96x4.o(.text)
    RITWriteCommand                          0x00000795   Thumb Code   124  rit128x96x4.o(.text)
    RITWriteData                             0x00000811   Thumb Code   124  rit128x96x4.o(.text)
    .text                                    0x00000bb4   Section       28  startup.o(.text)
    .text                                    0x00000bd0   Section        0  systick.o(.text)
    .text                                    0x00000c24   Section        0  pll.o(.text)
    .text                                    0x00000ca4   Section        0  lsm9dso.o(.text)
    .text                                    0x00001828   Section        0  fixed.o(.text)
    .text                                    0x00001c9c   Section        0  memcpya.o(.text)
    .text                                    0x00001cc0   Section        0  dadd.o(.text)
    .text                                    0x00001e0e   Section        0  dmul.o(.text)
    .text                                    0x00001ef2   Section        0  ddiv.o(.text)
    .text                                    0x00001fd0   Section        0  dflti.o(.text)
    .text                                    0x00001ff2   Section        0  dfltui.o(.text)
    .text                                    0x0000200c   Section        0  dfixi.o(.text)
    .text                                    0x0000204a   Section        0  dfixui.o(.text)
    .text                                    0x0000207c   Section        0  uldiv.o(.text)
    .text                                    0x000020de   Section        0  llshl.o(.text)
    .text                                    0x000020fc   Section        0  llushr.o(.text)
    .text                                    0x0000211c   Section        0  llsshr.o(.text)
    .text                                    0x00002140   Section        0  depilogue.o(.text)
    .text                                    0x00002140   Section        0  iusefp.o(.text)
    .text                                    0x000021fe   Section        0  dsqrt.o(.text)
    .text                                    0x000022a0   Section       36  init.o(.text)
    .text                                    0x000022c4   Section        0  dscalb.o(.text)
    i.GPIODirModeSet                         0x000022f2   Section        0  gpio.o(i.GPIODirModeSet)
    i.GPIOPadConfigSet                       0x0000231a   Section        0  gpio.o(i.GPIOPadConfigSet)
    i.GPIOPinConfigure                       0x000023cc   Section        0  gpio.o(i.GPIOPinConfigure)
    i.GPIOPinTypeGPIOOutput                  0x00002414   Section        0  gpio.o(i.GPIOPinTypeGPIOOutput)
    i.GPIOPinTypeSSI                         0x00002430   Section        0  gpio.o(i.GPIOPinTypeSSI)
    i.GPIOPinWrite                           0x0000244c   Section        0  gpio.o(i.GPIOPinWrite)
    i.SSIBusy                                0x00002452   Section        0  ssi.o(i.SSIBusy)
    i.SSIConfigSetExpClk                     0x0000245a   Section        0  ssi.o(i.SSIConfigSetExpClk)
    i.SSIDataGet                             0x000024a6   Section        0  ssi.o(i.SSIDataGet)
    i.SSIDataGetNonBlocking                  0x000024b4   Section        0  ssi.o(i.SSIDataGetNonBlocking)
    i.SSIDataPut                             0x000024c6   Section        0  ssi.o(i.SSIDataPut)
    i.SSIDisable                             0x000024d2   Section        0  ssi.o(i.SSIDisable)
    i.SSIEnable                              0x000024dc   Section        0  ssi.o(i.SSIEnable)
    i.SysCtlClockGet                         0x000024e8   Section        0  sysctl.o(i.SysCtlClockGet)
    i.SysCtlClockSet                         0x000026cc   Section        0  sysctl.o(i.SysCtlClockSet)
    i.SysCtlPeripheralEnable                 0x00002804   Section        0  sysctl.o(i.SysCtlPeripheralEnable)
    i.__0printf$8                            0x00002824   Section        0  printf8.o(i.__0printf$8)
    i.__0snprintf$8                          0x00002844   Section        0  printf8.o(i.__0snprintf$8)
    i.__ARM_fpclassify                       0x0000286c   Section        0  fpclassify.o(i.__ARM_fpclassify)
    i.__kernel_poly                          0x00002894   Section        0  poly.o(i.__kernel_poly)
    i.__mathlib_dbl_underflow                0x00002940   Section        0  dunder.o(i.__mathlib_dbl_underflow)
    i.__scatterload_copy                     0x00002950   Section       14  handlers.o(i.__scatterload_copy)
    i.__scatterload_null                     0x0000295e   Section        2  handlers.o(i.__scatterload_null)
    i.__scatterload_zeroinit                 0x00002960   Section       14  handlers.o(i.__scatterload_zeroinit)
    i.__set_errno                            0x00002970   Section        0  errno.o(i.__set_errno)
    i._printf_core                           0x0000297c   Section        0  printf8.o(i._printf_core)
    _printf_core                             0x0000297d   Thumb Code   988  printf8.o(i._printf_core)
    i._printf_post_padding                   0x00002d84   Section        0  printf8.o(i._printf_post_padding)
    _printf_post_padding                     0x00002d85   Thumb Code    38  printf8.o(i._printf_post_padding)
    i._printf_pre_padding                    0x00002daa   Section        0  printf8.o(i._printf_pre_padding)
    _printf_pre_padding                      0x00002dab   Thumb Code    48  printf8.o(i._printf_pre_padding)
    i._snputc                                0x00002dda   Section        0  printf8.o(i._snputc)
    _snputc                                  0x00002ddb   Thumb Code    22  printf8.o(i._snputc)
    i.atan                                   0x00002df0   Section        0  atan.o(i.atan)
    i.atan2                                  0x00003014   Section        0  atan2.o(i.atan2)
    i.getc                                   0x00003194   Section        0  getc.o(i.getc)
    i.sqrt                                   0x00003198   Section        0  sqrt.o(i.sqrt)
    .constdata                               0x000031e4   Section      571  rit128x96x4.o(.constdata)
    g_pucRIT128x96x4VerticalInc              0x000031e4   Data           2  rit128x96x4.o(.constdata)
    g_pucRIT128x96x4HorizontalInc            0x000031e6   Data           2  rit128x96x4.o(.constdata)
    g_pucFont                                0x000031e8   Data         480  rit128x96x4.o(.constdata)
    g_pucRIT128x96x4Init                     0x000033c8   Data          79  rit128x96x4.o(.constdata)
    pucCommand1                              0x00003417   Data           3  rit128x96x4.o(.constdata)
    pucCommand2                              0x0000341a   Data           3  rit128x96x4.o(.constdata)
    pucCommand1                              0x0000341d   Data           2  rit128x96x4.o(.constdata)
    .constdata                               0x00003420   Section       24  lsm9dso.o(.constdata)
    .constdata                               0x00003438   Section       72  gpio.o(.constdata)
    g_pulGPIOBaseAddrs                       0x00003438   Data          72  gpio.o(.constdata)
    .constdata                               0x00003480   Section      156  sysctl.o(.constdata)
    g_pulDCRegs                              0x00003480   Data          16  sysctl.o(.constdata)
    g_pulSRCRRegs                            0x00003490   Data          12  sysctl.o(.constdata)
    g_pulRCGCRegs                            0x0000349c   Data          12  sysctl.o(.constdata)
    g_pulSCGCRegs                            0x000034a8   Data          12  sysctl.o(.constdata)
    g_pulDCGCRegs                            0x000034b4   Data          12  sysctl.o(.constdata)
    g_pulXtals                               0x000034c0   Data          92  sysctl.o(.constdata)
    .constdata                               0x00003520   Section      152  atan.o(.constdata)
    atanhi                                   0x00003520   Data          32  atan.o(.constdata)
    atanlo                                   0x00003540   Data          32  atan.o(.constdata)
    aTodd                                    0x00003560   Data          40  atan.o(.constdata)
    aTeven                                   0x00003588   Data          48  atan.o(.constdata)
    .constdata                               0x000035b8   Section        8  qnan.o(.constdata)
    .data                                    0x20000000   Section       60  oledtestmain.o(.data)
    .data                                    0x2000003c   Section        6  output.o(.data)
    CursorX                                  0x2000003c   Data           2  output.o(.data)
    CursorY                                  0x2000003e   Data           2  output.o(.data)
    Color                                    0x20000040   Data           1  output.o(.data)
    Status                                   0x20000041   Data           1  output.o(.data)
    .data                                    0x20000044   Section       12  rit128x96x4.o(.data)
    g_ulSSIFlags                             0x20000044   Data           4  rit128x96x4.o(.data)
    g_pucBuffer                              0x20000048   Data           8  rit128x96x4.o(.data)
    .data                                    0x20000050   Section       68  lsm9dso.o(.data)
    gScale                                   0x20000070   Data           1  lsm9dso.o(.data)
    aScale                                   0x20000071   Data           1  lsm9dso.o(.data)
    .data                                    0x20000094   Section        8  fixed.o(.data)
    .data                                    0x2000009c   Section        4  stdin.o(.data)
    .data                                    0x200000a0   Section        4  stdout.o(.data)
    .data                                    0x200000a4   Section        4  errno.o(.data)
    _errno                                   0x200000a4   Data           4  errno.o(.data)
    .bss                                     0x200000a8   Section     1252  oledtestmain.o(.bss)
    .bss                                     0x2000058c   Section      504  output.o(.bss)
    CharBuffer                               0x2000058c   Data         252  output.o(.bss)
    ColorBuffer                              0x20000688   Data         252  output.o(.bss)
    .bss                                     0x20000784   Section      144  lsm9dso.o(.bss)
    STACK                                    0x20000818   Section     1024  startup.o(STACK)
    StackMem                                 0x20000818   Data           0  startup.o(STACK)

    Global Symbols

    Symbol Name                              Value     Ov Type        Size  Object(Section)

    BuildAttributes$$THM_ISAv4$P$D$K$B$S$PE$A:L22UL41UL21$X:L11$S22US41US21$IEEE1$IW$USESV6$~STKCKD$USESV7$~SHL$OTIME$ROPI$IEEEX$EBA8$MICROLIB$REQ8$PRES8$EABIv2 0x00000000   Number         0  anon$$obj.o ABSOLUTE
    __ARM_use_no_argv                        0x00000000   Number         0  oledtestmain.o ABSOLUTE
    __Vectors                                0x00000000   Data           0  startup.o(RESET)
    _printf_a                                0x00000000   Number         0  stubs.o ABSOLUTE
    _printf_c                                0x00000000   Number         0  stubs.o ABSOLUTE
    _printf_charcount                        0x00000000   Number         0  stubs.o ABSOLUTE
    _printf_d                                0x00000000   Number         0  stubs.o ABSOLUTE
    _printf_e                                0x00000000   Number         0  stubs.o ABSOLUTE
    _printf_f                                0x00000000   Number         0  stubs.o ABSOLUTE
    _printf_flags                            0x00000000   Number         0  stubs.o ABSOLUTE
    _printf_fp_dec                           0x00000000   Number         0  stubs.o ABSOLUTE
    _printf_fp_hex                           0x00000000   Number         0  stubs.o ABSOLUTE
    _printf_g                                0x00000000   Number         0  stubs.o ABSOLUTE
    _printf_i                                0x00000000   Number         0  stubs.o ABSOLUTE
    _printf_int_dec                          0x00000000   Number         0  stubs.o ABSOLUTE
    _printf_l                                0x00000000   Number         0  stubs.o ABSOLUTE
    _printf_lc                               0x00000000   Number         0  stubs.o ABSOLUTE
    _printf_ll                               0x00000000   Number         0  stubs.o ABSOLUTE
    _printf_lld                              0x00000000   Number         0  stubs.o ABSOLUTE
    _printf_lli                              0x00000000   Number         0  stubs.o ABSOLUTE
    _printf_llo                              0x00000000   Number         0  stubs.o ABSOLUTE
    _printf_llu                              0x00000000   Number         0  stubs.o ABSOLUTE
    _printf_llx                              0x00000000   Number         0  stubs.o ABSOLUTE
    _printf_longlong_dec                     0x00000000   Number         0  stubs.o ABSOLUTE
    _printf_longlong_hex                     0x00000000   Number         0  stubs.o ABSOLUTE
    _printf_longlong_oct                     0x00000000   Number         0  stubs.o ABSOLUTE
    _printf_ls                               0x00000000   Number         0  stubs.o ABSOLUTE
    _printf_mbtowc                           0x00000000   Number         0  stubs.o ABSOLUTE
    _printf_n                                0x00000000   Number         0  stubs.o ABSOLUTE
    _printf_o                                0x00000000   Number         0  stubs.o ABSOLUTE
    _printf_p                                0x00000000   Number         0  stubs.o ABSOLUTE
    _printf_percent                          0x00000000   Number         0  stubs.o ABSOLUTE
    _printf_pre_padding                      0x00000000   Number         0  stubs.o ABSOLUTE
    _printf_return_value                     0x00000000   Number         0  stubs.o ABSOLUTE
    _printf_s                                0x00000000   Number         0  stubs.o ABSOLUTE
    _printf_sizespec                         0x00000000   Number         0  stubs.o ABSOLUTE
    _printf_str                              0x00000000   Number         0  stubs.o ABSOLUTE
    _printf_truncate_signed                  0x00000000   Number         0  stubs.o ABSOLUTE
    _printf_truncate_unsigned                0x00000000   Number         0  stubs.o ABSOLUTE
    _printf_u                                0x00000000   Number         0  stubs.o ABSOLUTE
    _printf_wc                               0x00000000   Number         0  stubs.o ABSOLUTE
    _printf_wctomb                           0x00000000   Number         0  stubs.o ABSOLUTE
    _printf_widthprec                        0x00000000   Number         0  stubs.o ABSOLUTE
    _printf_x                                0x00000000   Number         0  stubs.o ABSOLUTE
    __cpp_initialize__aeabi_                  - Undefined Weak Reference
    __cxa_finalize                            - Undefined Weak Reference
    __decompress                              - Undefined Weak Reference
    _clock_init                               - Undefined Weak Reference
    _microlib_exit                            - Undefined Weak Reference
    Reset_Handler                            0x00000101   Thumb Code     0  startup.o(RESET)
    NMI_Handler                              0x00000105   Thumb Code     2  startup.o(RESET)
    HardFault_Handler                        0x00000107   Thumb Code     2  startup.o(RESET)
    MemManage_Handler                        0x00000109   Thumb Code     2  startup.o(RESET)
    BusFault_Handler                         0x0000010b   Thumb Code     2  startup.o(RESET)
    UsageFault_Handler                       0x0000010d   Thumb Code     2  startup.o(RESET)
    SVC_Handler                              0x0000010f   Thumb Code     2  startup.o(RESET)
    DebugMon_Handler                         0x00000111   Thumb Code     2  startup.o(RESET)
    PendSV_Handler                           0x00000113   Thumb Code     2  startup.o(RESET)
    ADC0_Handler                             0x00000117   Thumb Code     0  startup.o(RESET)
    ADC1_Handler                             0x00000117   Thumb Code     0  startup.o(RESET)
    ADC2_Handler                             0x00000117   Thumb Code     0  startup.o(RESET)
    ADC3_Handler                             0x00000117   Thumb Code     0  startup.o(RESET)
    CAN0_Handler                             0x00000117   Thumb Code     0  startup.o(RESET)
    CAN1_Handler                             0x00000117   Thumb Code     0  startup.o(RESET)
    CAN2_Handler                             0x00000117   Thumb Code     0  startup.o(RESET)
    Comp0_Handler                            0x00000117   Thumb Code     0  startup.o(RESET)
    Comp1_Handler                            0x00000117   Thumb Code     0  startup.o(RESET)
    Comp2_Handler                            0x00000117   Thumb Code     0  startup.o(RESET)
    Ethernet_Handler                         0x00000117   Thumb Code     0  startup.o(RESET)
    FlashCtl_Handler                         0x00000117   Thumb Code     0  startup.o(RESET)
    GPIOPortA_Handler                        0x00000117   Thumb Code     0  startup.o(RESET)
    GPIOPortB_Handler                        0x00000117   Thumb Code     0  startup.o(RESET)
    GPIOPortC_Handler                        0x00000117   Thumb Code     0  startup.o(RESET)
    GPIOPortD_Handler                        0x00000117   Thumb Code     0  startup.o(RESET)
    GPIOPortE_Handler                        0x00000117   Thumb Code     0  startup.o(RESET)
    GPIOPortF_Handler                        0x00000117   Thumb Code     0  startup.o(RESET)
    GPIOPortG_Handler                        0x00000117   Thumb Code     0  startup.o(RESET)
    GPIOPortH_Handler                        0x00000117   Thumb Code     0  startup.o(RESET)
    Hibernate_Handler                        0x00000117   Thumb Code     0  startup.o(RESET)
    I2C0_Handler                             0x00000117   Thumb Code     0  startup.o(RESET)
    I2C1_Handler                             0x00000117   Thumb Code     0  startup.o(RESET)
    PWM0_Handler                             0x00000117   Thumb Code     0  startup.o(RESET)
    PWM1_Handler                             0x00000117   Thumb Code     0  startup.o(RESET)
    PWM2_Handler                             0x00000117   Thumb Code     0  startup.o(RESET)
    PWM3_Handler                             0x00000117   Thumb Code     0  startup.o(RESET)
    PWMFault_Handler                         0x00000117   Thumb Code     0  startup.o(RESET)
    Quadrature0_Handler                      0x00000117   Thumb Code     0  startup.o(RESET)
    Quadrature1_Handler                      0x00000117   Thumb Code     0  startup.o(RESET)
    SSI0_Handler                             0x00000117   Thumb Code     0  startup.o(RESET)
    SSI1_Handler                             0x00000117   Thumb Code     0  startup.o(RESET)
    SysCtl_Handler                           0x00000117   Thumb Code     0  startup.o(RESET)
    Timer0A_Handler                          0x00000117   Thumb Code     0  startup.o(RESET)
    Timer0B_Handler                          0x00000117   Thumb Code     0  startup.o(RESET)
    Timer1A_Handler                          0x00000117   Thumb Code     0  startup.o(RESET)
    Timer1B_Handler                          0x00000117   Thumb Code     0  startup.o(RESET)
    Timer2A_Handler                          0x00000117   Thumb Code     0  startup.o(RESET)
    Timer2B_Handler                          0x00000117   Thumb Code     0  startup.o(RESET)
    Timer3A_Handler                          0x00000117   Thumb Code     0  startup.o(RESET)
    Timer3B_Handler                          0x00000117   Thumb Code     0  startup.o(RESET)
    UART0_Handler                            0x00000117   Thumb Code     0  startup.o(RESET)
    UART1_Handler                            0x00000117   Thumb Code     0  startup.o(RESET)
    UART2_Handler                            0x00000117   Thumb Code     0  startup.o(RESET)
    USB0_Handler                             0x00000117   Thumb Code     0  startup.o(RESET)
    WDT_Handler                              0x00000117   Thumb Code     0  startup.o(RESET)
    uDMA_Error                               0x00000117   Thumb Code     0  startup.o(RESET)
    uDMA_Handler                             0x00000117   Thumb Code     0  startup.o(RESET)
    __main                                   0x00000119   Thumb Code     0  entry.o(.ARM.Collect$$$$00000000)
    _main_stk                                0x00000119   Thumb Code     0  entry2.o(.ARM.Collect$$$$00000001)
    _main_scatterload                        0x0000011d   Thumb Code     0  entry5.o(.ARM.Collect$$$$00000004)
    __main_after_scatterload                 0x00000121   Thumb Code     0  entry5.o(.ARM.Collect$$$$00000004)
    _main_clock                              0x00000121   Thumb Code     0  entry7b.o(.ARM.Collect$$$$00000008)
    _main_cpp_init                           0x00000121   Thumb Code     0  entry8b.o(.ARM.Collect$$$$0000000A)
    _main_init                               0x00000121   Thumb Code     0  entry9a.o(.ARM.Collect$$$$0000000B)
    __rt_final_cpp                           0x00000129   Thumb Code     0  entry10a.o(.ARM.Collect$$$$0000000D)
    __rt_final_exit                          0x00000129   Thumb Code     0  entry11a.o(.ARM.Collect$$$$0000000F)
    Delay                                    0x0000012d   Thumb Code     6  oledtestmain.o(.emb_text)
    SysCtlDelay                              0x00000135   Thumb Code     6  sysctl.o(.emb_text)
    PortG_Init                               0x0000013d   Thumb Code    84  oledtestmain.o(.text)
    PortB_Init                               0x00000191   Thumb Code    76  oledtestmain.o(.text)
    main                                     0x000001dd   Thumb Code   324  oledtestmain.o(.text)
    shiftEverythingUp                        0x000003b9   Thumb Code   186  output.o(.text)
    fputc                                    0x00000473   Thumb Code   562  output.o(.text)
    fgetc                                    0x000006a5   Thumb Code     6  output.o(.text)
    ferror                                   0x000006ab   Thumb Code     8  output.o(.text)
    Output_Init                              0x000006b3   Thumb Code    82  output.o(.text)
    Output_Clear                             0x00000705   Thumb Code    68  output.o(.text)
    Output_Off                               0x00000749   Thumb Code    14  output.o(.text)
    Output_On                                0x00000757   Thumb Code    14  output.o(.text)
    Output_Color                             0x00000765   Thumb Code    18  output.o(.text)
    RIT128x96x4Clear                         0x0000088d   Thumb Code    64  rit128x96x4.o(.text)
    RIT128x96x4StringDraw                    0x000008cd   Thumb Code   218  rit128x96x4.o(.text)
    RIT128x96x4ImageDraw                     0x000009a7   Thumb Code   106  rit128x96x4.o(.text)
    RIT128x96x4Enable                        0x00000a11   Thumb Code    90  rit128x96x4.o(.text)
    RIT128x96x4Disable                       0x00000a6b   Thumb Code    84  rit128x96x4.o(.text)
    RIT128x96x4Init                          0x00000abf   Thumb Code   146  rit128x96x4.o(.text)
    RIT128x96x4DisplayOn                     0x00000b51   Thumb Code    84  rit128x96x4.o(.text)
    RIT128x96x4DisplayOff                    0x00000ba5   Thumb Code    12  rit128x96x4.o(.text)
    DisableInterrupts                        0x00000bb5   Thumb Code     0  startup.o(.text)
    EnableInterrupts                         0x00000bb9   Thumb Code     0  startup.o(.text)
    StartCritical                            0x00000bbd   Thumb Code     0  startup.o(.text)
    EndCritical                              0x00000bc5   Thumb Code     0  startup.o(.text)
    WaitForInterrupt                         0x00000bcb   Thumb Code     0  startup.o(.text)
    SysTick_Init                             0x00000bd1   Thumb Code    24  systick.o(.text)
    SysTick_Wait                             0x00000be9   Thumb Code    32  systick.o(.text)
    SysTick_Wait10ms                         0x00000c09   Thumb Code    22  systick.o(.text)
    SysTick_Handler                          0x00000c1f   Thumb Code     2  systick.o(.text)
    PLL_Init                                 0x00000c25   Thumb Code   124  pll.o(.text)
    chipSelectPin                            0x00000ca5   Thumb Code    72  lsm9dso.o(.text)
    DAC_Out                                  0x00000ced   Thumb Code    70  lsm9dso.o(.text)
    Accel_Init                               0x00000d33   Thumb Code    40  lsm9dso.o(.text)
    calcaRes                                 0x00000d5b   Thumb Code    98  lsm9dso.o(.text)
    begin                                    0x00000dbd   Thumb Code    34  lsm9dso.o(.text)
    SPIsingleByte                            0x00000ddf   Thumb Code    58  lsm9dso.o(.text)
    GetData                                  0x00000e19   Thumb Code   144  lsm9dso.o(.text)
    lowPassFilterData                        0x00000ea9   Thumb Code   226  lsm9dso.o(.text)
    calcAccel                                0x00000f8b   Thumb Code    56  lsm9dso.o(.text)
    findAngleMeas                            0x00000fc3   Thumb Code   114  lsm9dso.o(.text)
    AccelStuff                               0x00001035   Thumb Code   790  lsm9dso.o(.text)
    calcGyro                                 0x0000134b   Thumb Code    56  lsm9dso.o(.text)
    GyroStuff                                0x00001383   Thumb Code   732  lsm9dso.o(.text)
    SPIread                                  0x0000165f   Thumb Code   160  lsm9dso.o(.text)
    GetDataXYZ                               0x000016ff   Thumb Code    52  lsm9dso.o(.text)
    Gyro_Init                                0x00001733   Thumb Code    44  lsm9dso.o(.text)
    SPI_Init                                 0x0000175f   Thumb Code    80  lsm9dso.o(.text)
    calcgRes                                 0x000017af   Thumb Code    50  lsm9dso.o(.text)
    Fixed_uDecOut2s                          0x00001829   Thumb Code   226  fixed.o(.text)
    Fixed_uDecOut2                           0x0000190b   Thumb Code    22  fixed.o(.text)
    Fixed_sDecOut22s                         0x00001921   Thumb Code    78  fixed.o(.text)
    Fixed_sDecOut2                           0x0000196f   Thumb Code    22  fixed.o(.text)
    Fixed_sDecOut2s                          0x00001985   Thumb Code    66  fixed.o(.text)
    Fixed_sDecOut3s                          0x000019c7   Thumb Code   160  fixed.o(.text)
    Fixed_sDecOut3sss                        0x00001a67   Thumb Code   140  fixed.o(.text)
    Fixed_sDecOut3                           0x00001af3   Thumb Code    22  fixed.o(.text)
    Fixed_uBinOut8s                          0x00001b09   Thumb Code   108  fixed.o(.text)
    Fixed_uBinOut8                           0x00001b75   Thumb Code    24  fixed.o(.text)
    main1                                    0x00001b8d   Thumb Code   220  fixed.o(.text)
    __aeabi_memcpy                           0x00001c9d   Thumb Code    36  memcpya.o(.text)
    __aeabi_memcpy4                          0x00001c9d   Thumb Code     0  memcpya.o(.text)
    __aeabi_memcpy8                          0x00001c9d   Thumb Code     0  memcpya.o(.text)
    __aeabi_dadd                             0x00001cc1   Thumb Code   322  dadd.o(.text)
    __aeabi_dsub                             0x00001e03   Thumb Code     6  dadd.o(.text)
    __aeabi_drsub                            0x00001e09   Thumb Code     6  dadd.o(.text)
    __aeabi_dmul                             0x00001e0f   Thumb Code   228  dmul.o(.text)
    __aeabi_ddiv                             0x00001ef3   Thumb Code   222  ddiv.o(.text)
    __aeabi_i2d                              0x00001fd1   Thumb Code    34  dflti.o(.text)
    __aeabi_ui2d                             0x00001ff3   Thumb Code    26  dfltui.o(.text)
    __aeabi_d2iz                             0x0000200d   Thumb Code    62  dfixi.o(.text)
    __aeabi_d2uiz                            0x0000204b   Thumb Code    50  dfixui.o(.text)
    __aeabi_uldivmod                         0x0000207d   Thumb Code    98  uldiv.o(.text)
    __aeabi_llsl                             0x000020df   Thumb Code    30  llshl.o(.text)
    _ll_shift_l                              0x000020df   Thumb Code     0  llshl.o(.text)
    __aeabi_llsr                             0x000020fd   Thumb Code    32  llushr.o(.text)
    _ll_ushift_r                             0x000020fd   Thumb Code     0  llushr.o(.text)
    __aeabi_lasr                             0x0000211d   Thumb Code    36  llsshr.o(.text)
    _ll_sshift_r                             0x0000211d   Thumb Code     0  llsshr.o(.text)
    __I$use$fp                               0x00002141   Thumb Code     0  iusefp.o(.text)
    _double_round                            0x00002141   Thumb Code    26  depilogue.o(.text)
    _double_epilogue                         0x0000215b   Thumb Code   164  depilogue.o(.text)
    _dsqrt                                   0x000021ff   Thumb Code   162  dsqrt.o(.text)
    __scatterload                            0x000022a1   Thumb Code    28  init.o(.text)
    __scatterload_rt2                        0x000022a1   Thumb Code     0  init.o(.text)
    __ARM_scalbn                             0x000022c5   Thumb Code    46  dscalb.o(.text)
    scalbn                                   0x000022c5   Thumb Code     0  dscalb.o(.text)
    GPIODirModeSet                           0x000022f3   Thumb Code    40  gpio.o(i.GPIODirModeSet)
    GPIOPadConfigSet                         0x0000231b   Thumb Code   176  gpio.o(i.GPIOPadConfigSet)
    GPIOPinConfigure                         0x000023cd   Thumb Code    62  gpio.o(i.GPIOPinConfigure)
    GPIOPinTypeGPIOOutput                    0x00002415   Thumb Code    28  gpio.o(i.GPIOPinTypeGPIOOutput)
    GPIOPinTypeSSI                           0x00002431   Thumb Code    28  gpio.o(i.GPIOPinTypeSSI)
    GPIOPinWrite                             0x0000244d   Thumb Code     6  gpio.o(i.GPIOPinWrite)
    SSIBusy                                  0x00002453   Thumb Code     8  ssi.o(i.SSIBusy)
    SSIConfigSetExpClk                       0x0000245b   Thumb Code    76  ssi.o(i.SSIConfigSetExpClk)
    SSIDataGet                               0x000024a7   Thumb Code    14  ssi.o(i.SSIDataGet)
    SSIDataGetNonBlocking                    0x000024b5   Thumb Code    18  ssi.o(i.SSIDataGetNonBlocking)
    SSIDataPut                               0x000024c7   Thumb Code    12  ssi.o(i.SSIDataPut)
    SSIDisable                               0x000024d3   Thumb Code    10  ssi.o(i.SSIDisable)
    SSIEnable                                0x000024dd   Thumb Code    10  ssi.o(i.SSIEnable)
    SysCtlClockGet                           0x000024e9   Thumb Code   438  sysctl.o(i.SysCtlClockGet)
    SysCtlClockSet                           0x000026cd   Thumb Code   288  sysctl.o(i.SysCtlClockSet)
    SysCtlPeripheralEnable                   0x00002805   Thumb Code    26  sysctl.o(i.SysCtlPeripheralEnable)
    __0printf$8                              0x00002825   Thumb Code    22  printf8.o(i.__0printf$8)
    __1printf$8                              0x00002825   Thumb Code     0  printf8.o(i.__0printf$8)
    __2printf                                0x00002825   Thumb Code     0  printf8.o(i.__0printf$8)
    __0snprintf$8                            0x00002845   Thumb Code    36  printf8.o(i.__0snprintf$8)
    __1snprintf$8                            0x00002845   Thumb Code     0  printf8.o(i.__0snprintf$8)
    __2snprintf                              0x00002845   Thumb Code     0  printf8.o(i.__0snprintf$8)
    __ARM_fpclassify                         0x0000286d   Thumb Code    40  fpclassify.o(i.__ARM_fpclassify)
    __kernel_poly                            0x00002895   Thumb Code   170  poly.o(i.__kernel_poly)
    __mathlib_dbl_underflow                  0x00002941   Thumb Code    10  dunder.o(i.__mathlib_dbl_underflow)
    __scatterload_copy                       0x00002951   Thumb Code    14  handlers.o(i.__scatterload_copy)
    __scatterload_null                       0x0000295f   Thumb Code     2  handlers.o(i.__scatterload_null)
    __scatterload_zeroinit                   0x00002961   Thumb Code    14  handlers.o(i.__scatterload_zeroinit)
    __set_errno                              0x00002971   Thumb Code     6  errno.o(i.__set_errno)
    atan                                     0x00002df1   Thumb Code   478  atan.o(i.atan)
    atan2                                    0x00003015   Thumb Code   346  atan2.o(i.atan2)
    getc                                     0x00003195   Thumb Code     4  getc.o(i.getc)
    sqrt                                     0x00003199   Thumb Code    76  sqrt.o(i.sqrt)
    __mathlib_zero                           0x000035b8   Data           8  qnan.o(.constdata)
    Region$$Table$$Base                      0x000035c0   Number         0  anon$$obj.o(Region$$Table)
    Region$$Table$$Limit                     0x000035e0   Number         0  anon$$obj.o(Region$$Table)
    ulDataTx                                 0x20000000   Data          24  oledtestmain.o(.data)
    ulConfigTx                               0x20000018   Data          28  oledtestmain.o(.data)
    angleX                                   0x20000034   Data           4  oledtestmain.o(.data)
    angler                                   0x20000038   Data           4  oledtestmain.o(.data)
    currentAngleX                            0x20000050   Data           4  lsm9dso.o(.data)
    currentAngleY                            0x20000054   Data           4  lsm9dso.o(.data)
    currentAngleZ                            0x20000058   Data           4  lsm9dso.o(.data)
    XLangleX                                 0x2000005c   Data           4  lsm9dso.o(.data)
    XLangleY                                 0x20000060   Data           4  lsm9dso.o(.data)
    XLangleZ                                 0x20000064   Data           4  lsm9dso.o(.data)
    vectX                                    0x20000068   Data           4  lsm9dso.o(.data)
    vectY                                    0x2000006c   Data           4  lsm9dso.o(.data)
    gRes                                     0x20000074   Data           4  lsm9dso.o(.data)
    aRes                                     0x20000078   Data           4  lsm9dso.o(.data)
    mRes                                     0x2000007c   Data           4  lsm9dso.o(.data)
    gx                                       0x20000080   Data           2  lsm9dso.o(.data)
    gy                                       0x20000082   Data           2  lsm9dso.o(.data)
    gz                                       0x20000084   Data           2  lsm9dso.o(.data)
    ax                                       0x20000086   Data           2  lsm9dso.o(.data)
    ay                                       0x20000088   Data           2  lsm9dso.o(.data)
    az                                       0x2000008a   Data           2  lsm9dso.o(.data)
    mx                                       0x2000008c   Data           2  lsm9dso.o(.data)
    my                                       0x2000008e   Data           2  lsm9dso.o(.data)
    mz                                       0x20000090   Data           2  lsm9dso.o(.data)
    xmAddress                                0x20000092   Data           1  lsm9dso.o(.data)
    gAddress                                 0x20000093   Data           1  lsm9dso.o(.data)
    Buffer                                   0x20000094   Data           8  fixed.o(.data)
    __stdin                                  0x2000009c   Data           4  stdin.o(.data)
    __stdout                                 0x200000a0   Data           4  stdout.o(.data)
    DataX                                    0x200000a8   Data         400  oledtestmain.o(.bss)
    DataY                                    0x20000238   Data         400  oledtestmain.o(.bss)
    DataZ                                    0x200003c8   Data         400  oledtestmain.o(.bss)
    ulDataRx                                 0x20000558   Data          24  oledtestmain.o(.bss)
    ulConfigRx                               0x20000570   Data          28  oledtestmain.o(.bss)
    filtGx                                   0x20000784   Data          24  lsm9dso.o(.bss)
    filtGy                                   0x2000079c   Data          24  lsm9dso.o(.bss)
    filtGz                                   0x200007b4   Data          24  lsm9dso.o(.bss)
    filtAx                                   0x200007cc   Data          24  lsm9dso.o(.bss)
    filtAy                                   0x200007e4   Data          24  lsm9dso.o(.bss)
    filtAz                                   0x200007fc   Data          24  lsm9dso.o(.bss)
    __initial_sp                             0x20000c18   Data           0  startup.o(STACK)



==============================================================================

Memory Map of the image

  Image Entry point : 0x00000101

  Load Region LR_1 (Base: 0x00000000, Size: 0x00003688, Max: 0xffffffff, ABSOLUTE)

    Execution Region ER_RO (Base: 0x00000000, Size: 0x000035e0, Max: 0xffffffff, ABSOLUTE)

    Base Addr    Size         Type   Attr      Idx    E Section Name        Object

    0x00000000   0x00000118   Code   RO          110  * RESET               startup.o
    0x00000118   0x00000000   Code   RO         1212  * .ARM.Collect$$$$00000000  mc_w.l(entry.o)
    0x00000118   0x00000004   Code   RO         1508    .ARM.Collect$$$$00000001  mc_w.l(entry2.o)
    0x0000011c   0x00000004   Code   RO         1511    .ARM.Collect$$$$00000004  mc_w.l(entry5.o)
    0x00000120   0x00000000   Code   RO         1513    .ARM.Collect$$$$00000008  mc_w.l(entry7b.o)
    0x00000120   0x00000000   Code   RO         1515    .ARM.Collect$$$$0000000A  mc_w.l(entry8b.o)
    0x00000120   0x00000008   Code   RO         1516    .ARM.Collect$$$$0000000B  mc_w.l(entry9a.o)
    0x00000128   0x00000000   Code   RO         1518    .ARM.Collect$$$$0000000D  mc_w.l(entry10a.o)
    0x00000128   0x00000000   Code   RO         1520    .ARM.Collect$$$$0000000F  mc_w.l(entry11a.o)
    0x00000128   0x00000004   Code   RO         1509    .ARM.Collect$$$$00002712  mc_w.l(entry2.o)
    0x0000012c   0x00000006   Code   RO            1    .emb_text           oledtestmain.o
    0x00000132   0x00000002   PAD
    0x00000134   0x00000006   Code   RO          578    .emb_text           driverlib.lib(sysctl.o)
    0x0000013a   0x00000002   PAD
    0x0000013c   0x0000027c   Code   RO            2    .text               oledtestmain.o
    0x000003b8   0x000003dc   Code   RO           51    .text               output.o
    0x00000794   0x00000420   Code   RO           69    .text               rit128x96x4.o
    0x00000bb4   0x0000001c   Code   RO          111    .text               startup.o
    0x00000bd0   0x00000054   Code   RO          135    .text               systick.o
    0x00000c24   0x00000080   Code   RO          147    .text               pll.o
    0x00000ca4   0x00000b84   Code   RO          199    .text               lsm9dso.o
    0x00001828   0x00000474   Code   RO          220    .text               fixed.o
    0x00001c9c   0x00000024   Code   RO         1218    .text               mc_w.l(memcpya.o)
    0x00001cc0   0x0000014e   Code   RO         1483    .text               mf_w.l(dadd.o)
    0x00001e0e   0x000000e4   Code   RO         1485    .text               mf_w.l(dmul.o)
    0x00001ef2   0x000000de   Code   RO         1487    .text               mf_w.l(ddiv.o)
    0x00001fd0   0x00000022   Code   RO         1489    .text               mf_w.l(dflti.o)
    0x00001ff2   0x0000001a   Code   RO         1491    .text               mf_w.l(dfltui.o)
    0x0000200c   0x0000003e   Code   RO         1493    .text               mf_w.l(dfixi.o)
    0x0000204a   0x00000032   Code   RO         1495    .text               mf_w.l(dfixui.o)
    0x0000207c   0x00000062   Code   RO         1525    .text               mc_w.l(uldiv.o)
    0x000020de   0x0000001e   Code   RO         1527    .text               mc_w.l(llshl.o)
    0x000020fc   0x00000020   Code   RO         1529    .text               mc_w.l(llushr.o)
    0x0000211c   0x00000024   Code   RO         1531    .text               mc_w.l(llsshr.o)
    0x00002140   0x00000000   Code   RO         1540    .text               mc_w.l(iusefp.o)
    0x00002140   0x000000be   Code   RO         1541    .text               mf_w.l(depilogue.o)
    0x000021fe   0x000000a2   Code   RO         1543    .text               mf_w.l(dsqrt.o)
    0x000022a0   0x00000024   Code   RO         1557    .text               mc_w.l(init.o)
    0x000022c4   0x0000002e   Code   RO         1559    .text               mf_w.l(dscalb.o)
    0x000022f2   0x00000028   Code   RO          239    i.GPIODirModeSet    driverlib.lib(gpio.o)
    0x0000231a   0x000000b0   Code   RO          244    i.GPIOPadConfigSet  driverlib.lib(gpio.o)
    0x000023ca   0x00000002   PAD
    0x000023cc   0x00000048   Code   RO          245    i.GPIOPinConfigure  driverlib.lib(gpio.o)
    0x00002414   0x0000001c   Code   RO          257    i.GPIOPinTypeGPIOOutput  driverlib.lib(gpio.o)
    0x00002430   0x0000001c   Code   RO          263    i.GPIOPinTypeSSI    driverlib.lib(gpio.o)
    0x0000244c   0x00000006   Code   RO          268    i.GPIOPinWrite      driverlib.lib(gpio.o)
    0x00002452   0x00000008   Code   RO          467    i.SSIBusy           driverlib.lib(ssi.o)
    0x0000245a   0x0000004c   Code   RO          468    i.SSIConfigSetExpClk  driverlib.lib(ssi.o)
    0x000024a6   0x0000000e   Code   RO          471    i.SSIDataGet        driverlib.lib(ssi.o)
    0x000024b4   0x00000012   Code   RO          472    i.SSIDataGetNonBlocking  driverlib.lib(ssi.o)
    0x000024c6   0x0000000c   Code   RO          473    i.SSIDataPut        driverlib.lib(ssi.o)
    0x000024d2   0x0000000a   Code   RO          475    i.SSIDisable        driverlib.lib(ssi.o)
    0x000024dc   0x0000000a   Code   RO          476    i.SSIEnable         driverlib.lib(ssi.o)
    0x000024e6   0x00000002   PAD
    0x000024e8   0x000001e4   Code   RO          583    i.SysCtlClockGet    driverlib.lib(sysctl.o)
    0x000026cc   0x00000138   Code   RO          584    i.SysCtlClockSet    driverlib.lib(sysctl.o)
    0x00002804   0x00000020   Code   RO          608    i.SysCtlPeripheralEnable  driverlib.lib(sysctl.o)
    0x00002824   0x00000020   Code   RO         1429    i.__0printf$8       mc_w.l(printf8.o)
    0x00002844   0x00000028   Code   RO         1430    i.__0snprintf$8     mc_w.l(printf8.o)
    0x0000286c   0x00000028   Code   RO         1553    i.__ARM_fpclassify  m_ws.l(fpclassify.o)
    0x00002894   0x000000aa   Code   RO         1555    i.__kernel_poly     m_ws.l(poly.o)
    0x0000293e   0x00000002   PAD
    0x00002940   0x00000010   Code   RO         1551    i.__mathlib_dbl_underflow  m_ws.l(dunder.o)
    0x00002950   0x0000000e   Code   RO         1563    i.__scatterload_copy  mc_w.l(handlers.o)
    0x0000295e   0x00000002   Code   RO         1564    i.__scatterload_null  mc_w.l(handlers.o)
    0x00002960   0x0000000e   Code   RO         1565    i.__scatterload_zeroinit  mc_w.l(handlers.o)
    0x0000296e   0x00000002   PAD
    0x00002970   0x0000000c   Code   RO         1535    i.__set_errno       mc_w.l(errno.o)
    0x0000297c   0x00000408   Code   RO         1436    i._printf_core      mc_w.l(printf8.o)
    0x00002d84   0x00000026   Code   RO         1437    i._printf_post_padding  mc_w.l(printf8.o)
    0x00002daa   0x00000030   Code   RO         1438    i._printf_pre_padding  mc_w.l(printf8.o)
    0x00002dda   0x00000016   Code   RO         1439    i._snputc           mc_w.l(printf8.o)
    0x00002df0   0x00000224   Code   RO         1498    i.atan              m_ws.l(atan.o)
    0x00003014   0x00000180   Code   RO         1197    i.atan2             m_ws.l(atan2.o)
    0x00003194   0x00000004   Code   RO         1215    i.getc              mc_w.l(getc.o)
    0x00003198   0x0000004c   Code   RO         1205    i.sqrt              m_ws.l(sqrt.o)
    0x000031e4   0x0000023b   Data   RO           70    .constdata          rit128x96x4.o
    0x0000341f   0x00000001   PAD
    0x00003420   0x00000018   Data   RO          201    .constdata          lsm9dso.o
    0x00003438   0x00000048   Data   RO          271    .constdata          driverlib.lib(gpio.o)
    0x00003480   0x0000009c   Data   RO          621    .constdata          driverlib.lib(sysctl.o)
    0x0000351c   0x00000004   PAD
    0x00003520   0x00000098   Data   RO         1499    .constdata          m_ws.l(atan.o)
    0x000035b8   0x00000008   Data   RO         1507    .constdata          m_ws.l(qnan.o)
    0x000035c0   0x00000020   Data   RO         1561    Region$$Table       anon$$obj.o


    Execution Region ER_RW (Base: 0x20000000, Size: 0x000000a8, Max: 0xffffffff, ABSOLUTE)

    Base Addr    Size         Type   Attr      Idx    E Section Name        Object

    0x20000000   0x0000003c   Data   RW            4    .data               oledtestmain.o
    0x2000003c   0x00000006   Data   RW           53    .data               output.o
    0x20000042   0x00000002   PAD
    0x20000044   0x0000000c   Data   RW           71    .data               rit128x96x4.o
    0x20000050   0x00000044   Data   RW          202    .data               lsm9dso.o
    0x20000094   0x00000008   Data   RW          221    .data               fixed.o
    0x2000009c   0x00000004   Data   RW         1217    .data               mc_w.l(stdin.o)
    0x200000a0   0x00000004   Data   RW         1522    .data               mc_w.l(stdout.o)
    0x200000a4   0x00000004   Data   RW         1536    .data               mc_w.l(errno.o)


    Execution Region ER_ZI (Base: 0x200000a8, Size: 0x00000b70, Max: 0xffffffff, ABSOLUTE)

    Base Addr    Size         Type   Attr      Idx    E Section Name        Object

    0x200000a8   0x000004e4   Zero   RW            3    .bss                oledtestmain.o
    0x2000058c   0x000001f8   Zero   RW           52    .bss                output.o
    0x20000784   0x00000090   Zero   RW          200    .bss                lsm9dso.o
    0x20000814   0x00000004   PAD
    0x20000818   0x00000400   Zero   RW          108    STACK               startup.o


==============================================================================

Image component sizes


      Code (inc. data)   RO Data    RW Data    ZI Data      Debug   Object Name

         0          0          0          0          0        828   dac.o
      1140         52          0          8          0       4216   fixed.o
      2948        326         24         68        144      10044   lsm9dso.o
       642        152          0         60       1252       5059   oledtestmain.o
       988         30          0          6        504       2906   output.o
       128          4          0          0          0        403   pll.o
      1056         52        571         12          0       4126   rit128x96x4.o
       308        258          0          0       1024        892   startup.o
        84          4          0          0          0        993   systick.o

    ----------------------------------------------------------------------
      7296        878        628        156       2928      29467   Object Totals
         0          0         32          0          0          0   (incl. Generated)
         2          0          1          2          4          0   (incl. Padding)

    ----------------------------------------------------------------------

      Code (inc. data)   RO Data    RW Data    ZI Data      Debug   Library Member Name

       350         10         72          0          0       6663   gpio.o
       148          0          0          0          0       3486   ssi.o
       834         76        156          0          0       3771   sysctl.o
       548         70        152          0          0        124   atan.o
       384         38          0          0          0        144   atan2.o
        16          6          0          0          0         68   dunder.o
        40          0          0          0          0         68   fpclassify.o
       170          0          0          0          0         96   poly.o
         0          0          8          0          0          0   qnan.o
        76          0          0          0          0         84   sqrt.o
         0          0          0          0          0          0   entry.o
         0          0          0          0          0          0   entry10a.o
         0          0          0          0          0          0   entry11a.o
         8          4          0          0          0          0   entry2.o
         4          0          0          0          0          0   entry5.o
         0          0          0          0          0          0   entry7b.o
         0          0          0          0          0          0   entry8b.o
         8          4          0          0          0          0   entry9a.o
        12          6          0          4          0         68   errno.o
         4          0          0          0          0         68   getc.o
        30          0          0          0          0          0   handlers.o
        36          8          0          0          0         68   init.o
         0          0          0          0          0          0   iusefp.o
        30          0          0          0          0         68   llshl.o
        36          0          0          0          0         68   llsshr.o
        32          0          0          0          0         68   llushr.o
        36          0          0          0          0         68   memcpya.o
      1212         58          0          0          0        504   printf8.o
         0          0          0          4          0          0   stdin.o
         0          0          0          4          0          0   stdout.o
        98          0          0          0          0         92   uldiv.o
       334          0          0          0          0        148   dadd.o
       222          0          0          0          0        100   ddiv.o
       190          0          0          0          0        176   depilogue.o
        62          0          0          0          0         80   dfixi.o
        50          0          0          0          0         76   dfixui.o
        34          0          0          0          0         76   dflti.o
        26          0          0          0          0         76   dfltui.o
       228          0          0          0          0         96   dmul.o
        46          0          0          0          0         80   dscalb.o
       162          0          0          0          0        100   dsqrt.o

    ----------------------------------------------------------------------
      5476        280        392         12          0      16584   Library Totals
        10          0          4          0          0          0   (incl. Padding)

    ----------------------------------------------------------------------

      Code (inc. data)   RO Data    RW Data    ZI Data      Debug   Library Name

      1332         86        228          0          0      13920   driverlib.lib
      1234        114        160          0          0        584   m_ws.l
      1546         80          0         12          0       1072   mc_w.l
      1354          0          0          0          0       1008   mf_w.l

    ----------------------------------------------------------------------
      5476        280        392         12          0      16584   Library Totals

    ----------------------------------------------------------------------

==============================================================================


      Code (inc. data)   RO Data    RW Data    ZI Data      Debug   

     12772       1158       1020        168       2928      43473   Grand Totals
     12772       1158       1020        168       2928      43473   ELF Image Totals
     12772       1158       1020        168          0          0   ROM Totals

==============================================================================

    Total RO  Size (Code + RO Data)                13792 (  13.47kB)
    Total RW  Size (RW Data + ZI Data)              3096 (   3.02kB)
    Total ROM Size (Code + RO Data + RW Data)      13960 (  13.63kB)

==============================================================================

